Archive member included to satisfy reference by file (symbol)

C:/Users/User/.pico-sdk/toolchain/14_2_Rel1/bin/../lib/gcc/arm-none-eabi/14.2.1/thumb/v8-m.main+fp/softfp\libm.a(libm_a-wf_sqrt.o)
                              CMakeFiles/sonosupport.dir/control/src/emg_cal.c.obj (sqrtf)
C:/Users/User/.pico-sdk/toolchain/14_2_Rel1/bin/../lib/gcc/arm-none-eabi/14.2.1/thumb/v8-m.main+fp/softfp\libm.a(libm_a-ef_sqrt.o)
                              C:/Users/User/.pico-sdk/toolchain/14_2_Rel1/bin/../lib/gcc/arm-none-eabi/14.2.1/thumb/v8-m.main+fp/softfp\libm.a(libm_a-wf_sqrt.o) (__ieee754_sqrtf)
C:/Users/User/.pico-sdk/toolchain/14_2_Rel1/bin/../lib/gcc/arm-none-eabi/14.2.1/thumb/v8-m.main+fp/softfp\libgcc.a(_arm_addsubdf3.o)
                              CMakeFiles/sonosupport.dir/control/src/emg_cal.c.obj (__aeabi_f2d)
C:/Users/User/.pico-sdk/toolchain/14_2_Rel1/bin/../lib/gcc/arm-none-eabi/14.2.1/thumb/v8-m.main+fp/softfp\libgcc.a(_aeabi_ldivmod.o)
                              CMakeFiles/sonosupport.dir/C_/Users/User/.pico-sdk/sdk/2.2.0/src/common/pico_time/time.c.obj (__aeabi_ldivmod)
C:/Users/User/.pico-sdk/toolchain/14_2_Rel1/bin/../lib/gcc/arm-none-eabi/14.2.1/thumb/v8-m.main+fp/softfp\libgcc.a(_aeabi_uldivmod.o)
                              CMakeFiles/sonosupport.dir/C_/Users/User/.pico-sdk/sdk/2.2.0/src/rp2_common/hardware_clocks/clocks.c.obj (__aeabi_uldivmod)
C:/Users/User/.pico-sdk/toolchain/14_2_Rel1/bin/../lib/gcc/arm-none-eabi/14.2.1/thumb/v8-m.main+fp/softfp\libgcc.a(_udivmoddi4.o)
                              C:/Users/User/.pico-sdk/toolchain/14_2_Rel1/bin/../lib/gcc/arm-none-eabi/14.2.1/thumb/v8-m.main+fp/softfp\libgcc.a(_aeabi_ldivmod.o) (__udivmoddi4)
C:/Users/User/.pico-sdk/toolchain/14_2_Rel1/bin/../lib/gcc/arm-none-eabi/14.2.1/thumb/v8-m.main+fp/softfp\libgcc.a(_dvmd_tls.o)
                              C:/Users/User/.pico-sdk/toolchain/14_2_Rel1/bin/../lib/gcc/arm-none-eabi/14.2.1/thumb/v8-m.main+fp/softfp\libgcc.a(_aeabi_ldivmod.o) (__aeabi_ldiv0)
C:/Users/User/.pico-sdk/toolchain/14_2_Rel1/bin/../lib/gcc/arm-none-eabi/14.2.1/thumb/v8-m.main+fp/softfp\libg.a(libc_a-calloc.o)
                              CMakeFiles/sonosupport.dir/C_/Users/User/.pico-sdk/sdk/2.2.0/src/rp2_common/pico_malloc/malloc.c.obj (calloc)
C:/Users/User/.pico-sdk/toolchain/14_2_Rel1/bin/../lib/gcc/arm-none-eabi/14.2.1/thumb/v8-m.main+fp/softfp\libg.a(libc_a-callocr.o)
                              C:/Users/User/.pico-sdk/toolchain/14_2_Rel1/bin/../lib/gcc/arm-none-eabi/14.2.1/thumb/v8-m.main+fp/softfp\libg.a(libc_a-calloc.o) (_calloc_r)
C:/Users/User/.pico-sdk/toolchain/14_2_Rel1/bin/../lib/gcc/arm-none-eabi/14.2.1/thumb/v8-m.main+fp/softfp\libg.a(libc_a-malloc.o)
                              CMakeFiles/sonosupport.dir/C_/Users/User/.pico-sdk/sdk/2.2.0/src/rp2_common/pico_malloc/malloc.c.obj (malloc)
C:/Users/User/.pico-sdk/toolchain/14_2_Rel1/bin/../lib/gcc/arm-none-eabi/14.2.1/thumb/v8-m.main+fp/softfp\libg.a(libc_a-mallocr.o)
                              C:/Users/User/.pico-sdk/toolchain/14_2_Rel1/bin/../lib/gcc/arm-none-eabi/14.2.1/thumb/v8-m.main+fp/softfp\libg.a(libc_a-callocr.o) (_malloc_r)
C:/Users/User/.pico-sdk/toolchain/14_2_Rel1/bin/../lib/gcc/arm-none-eabi/14.2.1/thumb/v8-m.main+fp/softfp\libg.a(libc_a-mlock.o)
                              C:/Users/User/.pico-sdk/toolchain/14_2_Rel1/bin/../lib/gcc/arm-none-eabi/14.2.1/thumb/v8-m.main+fp/softfp\libg.a(libc_a-mallocr.o) (__malloc_lock)
C:/Users/User/.pico-sdk/toolchain/14_2_Rel1/bin/../lib/gcc/arm-none-eabi/14.2.1/thumb/v8-m.main+fp/softfp\libg.a(libc_a-realloc.o)
                              CMakeFiles/sonosupport.dir/C_/Users/User/.pico-sdk/sdk/2.2.0/src/rp2_common/pico_malloc/malloc.c.obj (realloc)
C:/Users/User/.pico-sdk/toolchain/14_2_Rel1/bin/../lib/gcc/arm-none-eabi/14.2.1/thumb/v8-m.main+fp/softfp\libg.a(libc_a-reallocr.o)
                              C:/Users/User/.pico-sdk/toolchain/14_2_Rel1/bin/../lib/gcc/arm-none-eabi/14.2.1/thumb/v8-m.main+fp/softfp\libg.a(libc_a-realloc.o) (_realloc_r)
C:/Users/User/.pico-sdk/toolchain/14_2_Rel1/bin/../lib/gcc/arm-none-eabi/14.2.1/thumb/v8-m.main+fp/softfp\libg.a(libc_a-memcmp.o)
                              CMakeFiles/sonosupport.dir/C_/Users/User/.pico-sdk/sdk/2.2.0/src/rp2_common/pico_atomic/atomic.c.obj (memcmp)
C:/Users/User/.pico-sdk/toolchain/14_2_Rel1/bin/../lib/gcc/arm-none-eabi/14.2.1/thumb/v8-m.main+fp/softfp\libg.a(libc_a-memmove.o)
                              C:/Users/User/.pico-sdk/toolchain/14_2_Rel1/bin/../lib/gcc/arm-none-eabi/14.2.1/thumb/v8-m.main+fp/softfp\libg.a(libc_a-reallocr.o) (memmove)
C:/Users/User/.pico-sdk/toolchain/14_2_Rel1/bin/../lib/gcc/arm-none-eabi/14.2.1/thumb/v8-m.main+fp/softfp\libg.a(libc_a-memset.o)
                              C:/Users/User/.pico-sdk/toolchain/14_2_Rel1/bin/../lib/gcc/arm-none-eabi/14.2.1/thumb/v8-m.main+fp/softfp/crt0.o (memset)
[...]
Memory Configuration

Name             Origin             Length             Attributes
FLASH            0x10000000         0x00400000         xr
RAM              0x20000000         0x00080000         xrw
SCRATCH_X        0x20080000         0x00001000         xrw
SCRATCH_Y        0x20081000         0x00001000         xrw
*default*        0x00000000         0xffffffff

Linker script and memory map

LOAD C:/Users/User/.pico-sdk/toolchain/14_2_Rel1/bin/../lib/gcc/arm-none-eabi/14.2.1/thumb/v8-m.main+fp/softfp/crti.o
LOAD C:/Users/User/.pico-sdk/toolchain/14_2_Rel1/bin/../lib/gcc/arm-none-eabi/14.2.1/thumb/v8-m.main+fp/softfp/crtbegin.o
LOAD C:/Users/User/.pico-sdk/toolchain/14_2_Rel1/bin/../lib/gcc/arm-none-eabi/14.2.1/thumb/v8-m.main+fp/softfp/crt0.o

.flash_begin    0x10000000        0x0
                0x10000000                        __flash_binary_start = .

.text           0x10000000     0x7640
                0x10000000                        __logical_binary_start = .
 *(.vectors)
 .vectors       0x10000000      0x124 CMakeFiles/sonosupport.dir/C_/Users/User/.pico-sdk/sdk/2.2.0/src/rp2_common/pico_crt0/crt0.S.obj
                0x10000000                __VECTOR_TABLE
                0x10000000                __vectors
                0x10000110                __unhandled_user_irq
                0x10000110                isr_irq49
                0x10000110                isr_irq13
                0x10000110                isr_irq43
                0x10000110                isr_irq45
                0x10000110                isr_irq27
                0x10000110                isr_irq32
                0x10000110                isr_irq31
                0x10000110                isr_irq12
                0x10000110                isr_irq5
                0x10000110                isr_irq11
                0x10000110                isr_irq3
                0x10000110                isr_irq23
                0x10000110                isr_usagefault
                0x10000110                isr_irq48
                0x10000110                isr_irq30
                0x10000110                isr_irq18
                0x10000110                isr_irq50
                0x10000110                isr_irq33
                0x10000110                isr_irq40
                0x10000110                isr_irq28
                0x10000110                isr_irq19
                0x10000110                isr_irq36
                0x10000110                isr_irq41
                0x10000110                isr_irq0
                0x10000110                isr_irq6
                0x10000110                isr_irq26
                0x10000110                isr_irq29
                0x10000110                isr_memmanage
                0x10000110                isr_irq37
                0x10000110                isr_irq42
                0x10000110                isr_irq22
                0x10000110                isr_irq35
                0x10000110                isr_irq17
                0x10000110                isr_irq38
                0x10000110                isr_irq14
                0x10000110                __vectors_end
                0x10000110                __default_isrs_start
                0x10000110                isr_irq2
                0x10000110                isr_irq10
                0x10000110                isr_irq8
                0x10000110                isr_debugmonitor
                0x10000110                isr_irq24
                0x10000110                isr_irq46
                0x10000110                isr_irq1
                0x10000110                isr_irq47
                0x10000110                isr_irq51
                0x10000110                isr_irq7
                0x10000110                isr_irq21
                0x10000110                isr_irq39
                0x10000110                isr_irq20
                0x10000110                isr_irq15
                0x10000110                isr_irq25
                0x10000110                isr_irq34
                0x10000110                isr_irq44
                0x10000110                isr_securefault
                0x10000110                isr_irq4
                0x10000110                isr_busfault
                0x10000110                isr_irq16
                0x10000110                isr_irq9
                0x10000116                unhandled_user_irq_num_in_r0
                0x10000118                isr_invalid
                0x1000011a                isr_nmi
                0x1000011c                isr_hardfault
                0x1000011e                isr_svcall
                0x10000120                isr_pendsv
                0x10000122                isr_systick
                0x10000124                __default_isrs_end
 *(.binary_info_header)
 .binary_info_header
                0x10000124       0x14 CMakeFiles/sonosupport.dir/C_/Users/User/.pico-sdk/sdk/2.2.0/src/rp2_common/pico_crt0/crt0.S.obj
                0x10000138                        __binary_info_header_end = .
 *(.embedded_block)
 .embedded_block
                0x10000138       0x14 CMakeFiles/sonosupport.dir/C_/Users/User/.pico-sdk/sdk/2.2.0/src/rp2_common/pico_crt0/crt0.S.obj
                0x1000014c                        __embedded_block_end = .
 *(.reset)
 .reset         0x1000014c       0x98 CMakeFiles/sonosupport.dir/C_/Users/User/.pico-sdk/sdk/2.2.0/src/rp2_common/pico_crt0/crt0.S.obj
                0x1000014c                _entry_point
 *(.init)
 .init          0x100001e4        0x4 C:/Users/User/.pico-sdk/toolchain/14_2_Rel1/bin/../lib/gcc/arm-none-eabi/14.2.1/thumb/v8-m.main+fp/softfp/crti.o
                0x100001e4                _init
 *libgcc.a:cmse_nonsecure_call.o()
 *(EXCLUDE_FILE(*libm.a: *libc.a:*lib_a-mem*.o *libgcc.a:) .text*)
 .text.register_tm_clones
                0x100001e8       0x28 C:/Users/User/.pico-sdk/toolchain/14_2_Rel1/bin/../lib/gcc/arm-none-eabi/14.2.1/thumb/v8-m.main+fp/softfp/crtbegin.o
 .text.frame_dummy
                0x10000210       0x24 C:/Users/User/.pico-sdk/toolchain/14_2_Rel1/bin/../lib/gcc/arm-none-eabi/14.2.1/thumb/v8-m.main+fp/softfp/crtbegin.o
 .text.startup.main
                0x10000234      0x14c CMakeFiles/sonosupport.dir/main.c.obj
                0x10000234                main
 .text.emg_init
                0x10000380       0x38 CMakeFiles/sonosupport.dir/HAL/src/emg.c.obj
                0x10000380                emg_init
 .text.emg_read_voltage
                0x100003b8       0x40 CMakeFiles/sonosupport.dir/HAL/src/emg.c.obj
                0x100003b8                emg_read_voltage
 .text.set_window
                0x100003f8       0xc4 CMakeFiles/sonosupport.dir/HAL/src/lcd.c.obj
 .text.lcd_fill_rect.part.0
                0x100004bc       0xbc CMakeFiles/sonosupport.dir/HAL/src/lcd.c.obj
 .text.lcd_init
                0x10000578      0x224 CMakeFiles/sonosupport.dir/HAL/src/lcd.c.obj
                0x10000578                lcd_init
 .text.lcd_fill_rect
                0x1000079c       0x20 CMakeFiles/sonosupport.dir/HAL/src/lcd.c.obj
                0x1000079c                lcd_fill_rect
 .text.lcd_fill
                0x100007bc       0x88 CMakeFiles/sonosupport.dir/HAL/src/lcd.c.obj
                0x100007bc                lcd_fill
 .text.lcd_draw_text
                0x10000844      0x128 CMakeFiles/sonosupport.dir/HAL/src/lcd.c.obj
                0x10000844                lcd_draw_text
 .text.lcd_text_width
                0x1000096c       0x1c CMakeFiles/sonosupport.dir/HAL/src/lcd.c.obj
                0x1000096c                lcd_text_width
 .text.lcd_text_height
                0x10000988        0x8 CMakeFiles/sonosupport.dir/HAL/src/lcd.c.obj
                0x10000988                lcd_text_height
 .text.emg_cal_run
                0x10000990      0x5b8 CMakeFiles/sonosupport.dir/control/src/emg_cal.c.obj
                0x10000990                emg_cal_run
 .text.emg_cal_trial
                0x10000f48      0x2ec CMakeFiles/sonosupport.dir/control/src/emg_cal.c.obj
                0x10000f48                emg_cal_trial
 .text.draw_state
                0x10001234       0xa8 CMakeFiles/sonosupport.dir/control/src/ui.c.obj
 .text.ui_init  0x100012dc        0x4 CMakeFiles/sonosupport.dir/control/src/ui.c.obj
                0x100012dc                ui_init
 .text.ui_screen
                0x100012e0       0xfc CMakeFiles/sonosupport.dir/control/src/ui.c.obj
                0x100012e0                ui_screen
 *fill*         0x100013dc        0x4 
 .text.ui_trial_update
                0x100013e0       0xa4 CMakeFiles/sonosupport.dir/control/src/ui.c.obj
                0x100013e0                ui_trial_update
 .text.ui_trial_start
                0x10001484       0xd4 CMakeFiles/sonosupport.dir/control/src/ui.c.obj
                0x10001484                ui_trial_start
 .text.gpio_set_function
                0x10001558       0x3c CMakeFiles/sonosupport.dir/C_/Users/User/.pico-sdk/sdk/2.2.0/src/rp2_common/hardware_gpio/gpio.c.obj
                0x10001558                gpio_set_function
 .text.gpio_set_pulls
                0x10001594       0x28 CMakeFiles/sonosupport.dir/C_/Users/User/.pico-sdk/sdk/2.2.0/src/rp2_common/hardware_gpio/gpio.c.obj
                0x10001594                gpio_set_pulls
 .text.gpio_set_input_enabled
                0x100015bc       0x20 CMakeFiles/sonosupport.dir/C_/Users/User/.pico-sdk/sdk/2.2.0/src/rp2_common/hardware_gpio/gpio.c.obj
                0x100015bc                gpio_set_input_enabled
 .text.gpio_init
                0x100015dc       0x48 CMakeFiles/sonosupport.dir/C_/Users/User/.pico-sdk/sdk/2.2.0/src/rp2_common/hardware_gpio/gpio.c.obj
                0x100015dc                gpio_init
 .text.panic    0x10001624       0x30 CMakeFiles/sonosupport.dir/C_/Users/User/.pico-sdk/sdk/2.2.0/src/rp2_common/pico_platform_panic/panic.c.obj
                0x10001624                panic
 .text.hw_claim_or_assert
                0x10001654       0x58 CMakeFiles/sonosupport.dir/C_/Users/User/.pico-sdk/sdk/2.2.0/src/common/hardware_claim/claim.c.obj
                0x10001654                hw_claim_or_assert
 .text.hw_claim_unused_from_range
                0x100016ac       0x80 CMakeFiles/sonosupport.dir/C_/Users/User/.pico-sdk/sdk/2.2.0/src/common/hardware_claim/claim.c.obj
                0x100016ac                hw_claim_unused_from_range
 .text.next_striped_spin_lock_num
                0x1000172c       0x18 CMakeFiles/sonosupport.dir/C_/Users/User/.pico-sdk/sdk/2.2.0/src/rp2_common/hardware_sync/sync.c.obj
                0x1000172c                next_striped_spin_lock_num
 .text.spin_lock_claim_unused
                0x10001744       0x20 CMakeFiles/sonosupport.dir/C_/Users/User/.pico-sdk/sdk/2.2.0/src/rp2_common/hardware_sync/sync.c.obj
                0x10001744                spin_lock_claim_unused
 .text.spinlock_set_extexclall
                0x10001764       0x10 CMakeFiles/sonosupport.dir/C_/Users/User/.pico-sdk/sdk/2.2.0/src/rp2_common/hardware_sync_spin_lock/sync_spin_lock.c.obj
 .text.spin_locks_reset
                0x10001774       0x18 CMakeFiles/sonosupport.dir/C_/Users/User/.pico-sdk/sdk/2.2.0/src/rp2_common/hardware_sync_spin_lock/sync_spin_lock.c.obj
                0x10001774                spin_locks_reset
 .text.runtime_init_per_core_irq_priorities
                0x1000178c       0x40 CMakeFiles/sonosupport.dir/C_/Users/User/.pico-sdk/sdk/2.2.0/src/rp2_common/hardware_irq/irq.c.obj
                0x1000178c                runtime_init_per_core_irq_priorities
 .text.irq_set_enabled
                0x100017cc       0x2c CMakeFiles/sonosupport.dir/C_/Users/User/.pico-sdk/sdk/2.2.0/src/rp2_common/hardware_irq/irq.c.obj
                0x100017cc                irq_set_enabled
 .text.irq_is_enabled
                0x100017f8       0x20 CMakeFiles/sonosupport.dir/C_/Users/User/.pico-sdk/sdk/2.2.0/src/rp2_common/hardware_irq/irq.c.obj
                0x100017f8                irq_is_enabled
 .text.irq_set_pending
                0x10001818       0x18 CMakeFiles/sonosupport.dir/C_/Users/User/.pico-sdk/sdk/2.2.0/src/rp2_common/hardware_irq/irq.c.obj
                0x10001818                irq_set_pending
 .text.irq_has_shared_handler
                0x10001830       0x20 CMakeFiles/sonosupport.dir/C_/Users/User/.pico-sdk/sdk/2.2.0/src/rp2_common/hardware_irq/irq.c.obj
                0x10001830                irq_has_shared_handler
 .text.irq_set_exclusive_handler
                0x10001850       0x60 CMakeFiles/sonosupport.dir/C_/Users/User/.pico-sdk/sdk/2.2.0/src/rp2_common/hardware_irq/irq.c.obj
                0x10001850                irq_set_exclusive_handler
 .text.irq_add_shared_handler
                0x100018b0      0x1e8 CMakeFiles/sonosupport.dir/C_/Users/User/.pico-sdk/sdk/2.2.0/src/rp2_common/hardware_irq/irq.c.obj
                0x100018b0                irq_add_shared_handler
 .text.irq_add_tail_to_free_list
                0x10001a98       0xbc CMakeFiles/sonosupport.dir/C_/Users/User/.pico-sdk/sdk/2.2.0/src/rp2_common/hardware_irq/irq.c.obj
                0x10001a98                irq_add_tail_to_free_list
 .text.user_irq_claim_unused
                0x10001b54       0x28 CMakeFiles/sonosupport.dir/C_/Users/User/.pico-sdk/sdk/2.2.0/src/rp2_common/hardware_irq/irq.c.obj
                0x10001b54                user_irq_claim_unused
 .text.lock_init
                0x10001b7c        0xc CMakeFiles/sonosupport.dir/C_/Users/User/.pico-sdk/sdk/2.2.0/src/common/pico_sync/lock_core.c.obj
                0x10001b7c                lock_init
 .text.runtime_init_mutex
                0x10001b88       0x4c CMakeFiles/sonosupport.dir/C_/Users/User/.pico-sdk/sdk/2.2.0/src/common/pico_sync/mutex.c.obj
                0x10001b88                runtime_init_mutex
 .text.mutex_init
                0x10001bd4       0x1c CMakeFiles/sonosupport.dir/C_/Users/User/.pico-sdk/sdk/2.2.0/src/common/pico_sync/mutex.c.obj
                0x10001bd4                mutex_init
 .text.critical_section_init
                0x10001bf0       0x1c CMakeFiles/sonosupport.dir/C_/Users/User/.pico-sdk/sdk/2.2.0/src/common/pico_sync/critical_section.c.obj
                0x10001bf0                critical_section_init
 .text.critical_section_init_with_lock_num
                0x10001c0c       0x10 CMakeFiles/sonosupport.dir/C_/Users/User/.pico-sdk/sdk/2.2.0/src/common/pico_sync/critical_section.c.obj
                0x10001c0c                critical_section_init_with_lock_num
 .text.sleep_until_callback
                0x10001c1c       0x3c CMakeFiles/sonosupport.dir/C_/Users/User/.pico-sdk/sdk/2.2.0/src/common/pico_time/time.c.obj
 .text.alarm_pool_irq_handler
                0x10001c58      0x2f0 CMakeFiles/sonosupport.dir/C_/Users/User/.pico-sdk/sdk/2.2.0/src/common/pico_time/time.c.obj
 .text.runtime_init_default_alarm_pool
                0x10001f48      0x100 CMakeFiles/sonosupport.dir/C_/Users/User/.pico-sdk/sdk/2.2.0/src/common/pico_time/time.c.obj
                0x10001f48                runtime_init_default_alarm_pool
 .text.alarm_pool_get_default
                0x10002048        0x8 CMakeFiles/sonosupport.dir/C_/Users/User/.pico-sdk/sdk/2.2.0/src/common/pico_time/time.c.obj
                0x10002048                alarm_pool_get_default
 .text.alarm_pool_add_alarm_at
                0x10002050       0xdc CMakeFiles/sonosupport.dir/C_/Users/User/.pico-sdk/sdk/2.2.0/src/common/pico_time/time.c.obj
                0x10002050                alarm_pool_add_alarm_at
 .text.alarm_pool_add_alarm_at_force_in_context
                0x1000212c       0xc8 CMakeFiles/sonosupport.dir/C_/Users/User/.pico-sdk/sdk/2.2.0/src/common/pico_time/time.c.obj
                0x1000212c                alarm_pool_add_alarm_at_force_in_context
 .text.alarm_pool_cancel_alarm
                0x100021f4       0x80 CMakeFiles/sonosupport.dir/C_/Users/User/.pico-sdk/sdk/2.2.0/src/common/pico_time/time.c.obj
                0x100021f4                alarm_pool_cancel_alarm
 .text.alarm_pool_core_num
                0x10002274        0x4 CMakeFiles/sonosupport.dir/C_/Users/User/.pico-sdk/sdk/2.2.0/src/common/pico_time/time.c.obj
                0x10002274                alarm_pool_core_num
 .text.sleep_until
                0x10002278       0xbc CMakeFiles/sonosupport.dir/C_/Users/User/.pico-sdk/sdk/2.2.0/src/common/pico_time/time.c.obj
                0x10002278                sleep_until
 .text.sleep_ms
                0x10002334       0xdc CMakeFiles/sonosupport.dir/C_/Users/User/.pico-sdk/sdk/2.2.0/src/common/pico_time/time.c.obj
                0x10002334                sleep_ms
 .text.best_effort_wfe_or_timeout
                0x10002410       0xd4 CMakeFiles/sonosupport.dir/C_/Users/User/.pico-sdk/sdk/2.2.0/src/common/pico_time/time.c.obj
                0x10002410                best_effort_wfe_or_timeout
 .text.timer_hardware_alarm_claim
                0x100024e4       0x24 CMakeFiles/sonosupport.dir/C_/Users/User/.pico-sdk/sdk/2.2.0/src/rp2_common/hardware_timer/timer.c.obj
                0x100024e4                timer_hardware_alarm_claim
 .text.timer_time_us_64
                0x10002508       0x10 CMakeFiles/sonosupport.dir/C_/Users/User/.pico-sdk/sdk/2.2.0/src/rp2_common/hardware_timer/timer.c.obj
                0x10002508                timer_time_us_64
 .text.time_us_64
                0x10002518       0x14 CMakeFiles/sonosupport.dir/C_/Users/User/.pico-sdk/sdk/2.2.0/src/rp2_common/hardware_timer/timer.c.obj
                0x10002518                time_us_64
 .text.busy_wait_us
                0x1000252c       0x5c CMakeFiles/sonosupport.dir/C_/Users/User/.pico-sdk/sdk/2.2.0/src/rp2_common/hardware_timer/timer.c.obj
                0x1000252c                busy_wait_us
 .text.busy_wait_until
                0x10002588       0x24 CMakeFiles/sonosupport.dir/C_/Users/User/.pico-sdk/sdk/2.2.0/src/rp2_common/hardware_timer/timer.c.obj
                0x10002588                busy_wait_until
 .text.clock_configure_undivided
                0x100025ac       0xd0 CMakeFiles/sonosupport.dir/C_/Users/User/.pico-sdk/sdk/2.2.0/src/rp2_common/hardware_clocks/clocks.c.obj
                0x100025ac                clock_configure_undivided
 .text.clock_get_hz
                0x1000267c        0xc CMakeFiles/sonosupport.dir/C_/Users/User/.pico-sdk/sdk/2.2.0/src/rp2_common/hardware_clocks/clocks.c.obj
                0x1000267c                clock_get_hz
 .text.pll_init
                0x10002688       0x8c CMakeFiles/sonosupport.dir/C_/Users/User/.pico-sdk/sdk/2.2.0/src/rp2_common/hardware_pll/pll.c.obj
                0x10002688                pll_init
 .text.watchdog_reboot
                0x10002714       0x98 CMakeFiles/sonosupport.dir/C_/Users/User/.pico-sdk/sdk/2.2.0/src/rp2_common/hardware_watchdog/watchdog.c.obj
                0x10002714                watchdog_reboot
 .text.tick_start
                0x100027ac       0x18 CMakeFiles/sonosupport.dir/C_/Users/User/.pico-sdk/sdk/2.2.0/src/rp2_common/hardware_ticks/ticks.c.obj
                0x100027ac                tick_start
 .text.rom_reboot.constprop.0.isra.0
                0x100027c4       0x34 CMakeFiles/sonosupport.dir/C_/Users/User/.pico-sdk/sdk/2.2.0/src/rp2_common/pico_bootrom/bootrom.c.obj
 .text.rom_func_lookup
                0x100027f8       0x18 CMakeFiles/sonosupport.dir/C_/Users/User/.pico-sdk/sdk/2.2.0/src/rp2_common/pico_bootrom/bootrom.c.obj
                0x100027f8                rom_func_lookup
 .text.rom_reset_usb_boot_extra
                0x10002810       0x1c CMakeFiles/sonosupport.dir/C_/Users/User/.pico-sdk/sdk/2.2.0/src/rp2_common/pico_bootrom/bootrom.c.obj
                0x10002810                rom_reset_usb_boot_extra
 .text.runtime_init_bootrom_locking_enable
                0x1000282c       0x14 CMakeFiles/sonosupport.dir/C_/Users/User/.pico-sdk/sdk/2.2.0/src/rp2_common/pico_bootrom/bootrom_lock.c.obj
                0x1000282c                runtime_init_bootrom_locking_enable
 .text.runtime_init_boot_locks_reset
                0x10002840       0x1c CMakeFiles/sonosupport.dir/C_/Users/User/.pico-sdk/sdk/2.2.0/src/rp2_common/hardware_boot_lock/boot_lock.c.obj
                0x10002840                runtime_init_boot_locks_reset
 .text.xosc_init
                0x1000285c       0x30 CMakeFiles/sonosupport.dir/C_/Users/User/.pico-sdk/sdk/2.2.0/src/rp2_common/hardware_xosc/xosc.c.obj
                0x1000285c                xosc_init
 .text.first_per_core_initializer
                0x1000288c        0x4 CMakeFiles/sonosupport.dir/C_/Users/User/.pico-sdk/sdk/2.2.0/src/rp2_common/pico_runtime/runtime.c.obj
 .text.hard_assertion_failure
                0x10002890        0xc CMakeFiles/sonosupport.dir/C_/Users/User/.pico-sdk/sdk/2.2.0/src/rp2_common/pico_runtime/runtime.c.obj
                0x10002890                hard_assertion_failure
 .text.runtime_run_initializers
                0x1000289c       0x20 CMakeFiles/sonosupport.dir/C_/Users/User/.pico-sdk/sdk/2.2.0/src/rp2_common/pico_runtime/runtime.c.obj
                0x1000289c                runtime_run_initializers
 .text.runtime_init_early_resets
                0x100028bc       0x34 CMakeFiles/sonosupport.dir/C_/Users/User/.pico-sdk/sdk/2.2.0/src/rp2_common/pico_runtime_init/runtime_init.c.obj
                0x100028bc                runtime_init_early_resets
 .text.runtime_init_usb_power_down
                0x100028f0       0x1c CMakeFiles/sonosupport.dir/C_/Users/User/.pico-sdk/sdk/2.2.0/src/rp2_common/pico_runtime_init/runtime_init.c.obj
                0x100028f0                runtime_init_usb_power_down
 .text.runtime_init_per_core_enable_coprocessors
                0x1000290c       0x1c CMakeFiles/sonosupport.dir/C_/Users/User/.pico-sdk/sdk/2.2.0/src/rp2_common/pico_runtime_init/runtime_init.c.obj
                0x1000290c                runtime_init_per_core_enable_coprocessors
 .text.runtime_init_post_clock_resets
                0x10002928       0x20 CMakeFiles/sonosupport.dir/C_/Users/User/.pico-sdk/sdk/2.2.0/src/rp2_common/pico_runtime_init/runtime_init.c.obj
                0x10002928                runtime_init_post_clock_resets
 .text.runtime_init_bootrom_reset
                0x10002948       0x14 CMakeFiles/sonosupport.dir/C_/Users/User/.pico-sdk/sdk/2.2.0/src/rp2_common/pico_runtime_init/runtime_init.c.obj
                0x10002948                runtime_init_bootrom_reset
 .text.runtime_init_per_core_bootrom_reset
                0x1000295c       0x14 CMakeFiles/sonosupport.dir/C_/Users/User/.pico-sdk/sdk/2.2.0/src/rp2_common/pico_runtime_init/runtime_init.c.obj
                0x1000295c                runtime_init_per_core_bootrom_reset
 .text.runtime_init_spin_locks_reset
                0x10002970        0x4 CMakeFiles/sonosupport.dir/C_/Users/User/.pico-sdk/sdk/2.2.0/src/rp2_common/pico_runtime_init/runtime_init.c.obj
                0x10002970                runtime_init_spin_locks_reset
 .text.runtime_init_install_ram_vector_table
                0x10002974       0x68 CMakeFiles/sonosupport.dir/C_/Users/User/.pico-sdk/sdk/2.2.0/src/rp2_common/pico_runtime_init/runtime_init.c.obj
                0x10002974                runtime_init_install_ram_vector_table
 .text.runtime_init_clocks
                0x100029dc       0xdc CMakeFiles/sonosupport.dir/C_/Users/User/.pico-sdk/sdk/2.2.0/src/rp2_common/pico_runtime_init/runtime_init_clocks.c.obj
                0x100029dc                runtime_init_clocks
 .text.__rp2350_dcp_engaged_state_save_restore
                0x10002ab8       0x3a CMakeFiles/sonosupport.dir/C_/Users/User/.pico-sdk/sdk/2.2.0/src/rp2_common/pico_double/double_aeabi_dcp.S.obj
 *fill*         0x10002af2        0x2 
 .text.__wrap___aeabi_dadd
                0x10002af4       0x28 CMakeFiles/sonosupport.dir/C_/Users/User/.pico-sdk/sdk/2.2.0/src/rp2_common/pico_double/double_aeabi_dcp.S.obj
                0x10002afc                __wrap___aeabi_dadd
 .text.__wrap___aeabi_dsub
                0x10002b1c       0x28 CMakeFiles/sonosupport.dir/C_/Users/User/.pico-sdk/sdk/2.2.0/src/rp2_common/pico_double/double_aeabi_dcp.S.obj
                0x10002b24                __wrap___aeabi_dsub
 .text.__wrap___aeabi_dmul
                0x10002b44       0x4c CMakeFiles/sonosupport.dir/C_/Users/User/.pico-sdk/sdk/2.2.0/src/rp2_common/pico_double/double_aeabi_dcp.S.obj
                0x10002b4c                __wrap___aeabi_dmul
 .text.__wrap___aeabi_ddiv
                0x10002b90       0x9c CMakeFiles/sonosupport.dir/C_/Users/User/.pico-sdk/sdk/2.2.0/src/rp2_common/pico_double/double_aeabi_dcp.S.obj
                0x10002b98                __wrap___aeabi_ddiv
 .text.__wrap___aeabi_i2d
                0x10002c2c       0x24 CMakeFiles/sonosupport.dir/C_/Users/User/.pico-sdk/sdk/2.2.0/src/rp2_common/pico_double/double_aeabi_dcp.S.obj
                0x10002c34                int2double
                0x10002c34                __wrap___aeabi_i2d
 .text.__wrap___aeabi_ui2d
                0x10002c50       0x24 CMakeFiles/sonosupport.dir/C_/Users/User/.pico-sdk/sdk/2.2.0/src/rp2_common/pico_double/double_aeabi_dcp.S.obj
                0x10002c58                uint2double
                0x10002c58                __wrap___aeabi_ui2d
 .text.__wrap___aeabi_d2iz
                0x10002c74       0x24 CMakeFiles/sonosupport.dir/C_/Users/User/.pico-sdk/sdk/2.2.0/src/rp2_common/pico_double/double_aeabi_dcp.S.obj
                0x10002c7c                double2int_z
                0x10002c7c                __wrap___aeabi_d2iz
 .text.__wrap___aeabi_d2uiz
                0x10002c98       0x24 CMakeFiles/sonosupport.dir/C_/Users/User/.pico-sdk/sdk/2.2.0/src/rp2_common/pico_double/double_aeabi_dcp.S.obj
                0x10002ca0                double2uint
                0x10002ca0                __wrap___aeabi_d2uiz
                0x10002ca0                double2uint_z
 .text.__wrap___aeabi_dcmpun
                0x10002cbc       0x24 CMakeFiles/sonosupport.dir/C_/Users/User/.pico-sdk/sdk/2.2.0/src/rp2_common/pico_double/double_aeabi_dcp.S.obj
                0x10002cc4                __wrap___aeabi_dcmpun
 .text.__wrap___aeabi_dcmplt
                0x10002ce0       0x28 CMakeFiles/sonosupport.dir/C_/Users/User/.pico-sdk/sdk/2.2.0/src/rp2_common/pico_double/double_aeabi_dcp.S.obj
                0x10002ce8                __wrap___aeabi_dcmplt
 .text.__wrap___aeabi_dcmple
                0x10002d08       0x28 CMakeFiles/sonosupport.dir/C_/Users/User/.pico-sdk/sdk/2.2.0/src/rp2_common/pico_double/double_aeabi_dcp.S.obj
                0x10002d10                __wrap___aeabi_dcmple
 .text.__wrap___aeabi_dcmpge
                0x10002d30       0x28 CMakeFiles/sonosupport.dir/C_/Users/User/.pico-sdk/sdk/2.2.0/src/rp2_common/pico_double/double_aeabi_dcp.S.obj
                0x10002d38                __wrap___aeabi_dcmpge
 .text.__wrap___aeabi_dcmpgt
                0x10002d58       0x28 CMakeFiles/sonosupport.dir/C_/Users/User/.pico-sdk/sdk/2.2.0/src/rp2_common/pico_double/double_aeabi_dcp.S.obj
                0x10002d60                __wrap___aeabi_dcmpgt
 .text.__wrap_conv_tof
                0x10002d80      0x1d4 CMakeFiles/sonosupport.dir/C_/Users/User/.pico-sdk/sdk/2.2.0/src/rp2_common/pico_float/float_common_m33.S.obj
                0x10002d80                __wrap___aeabi_l2f
                0x10002d80                int642float
                0x10002d82                fix642float
                0x10002e10                fix2float
                0x10002e7c                ufix2float
                0x10002ed8                uint642float
                0x10002ed8                __wrap___aeabi_ul2f
                0x10002eda                ufix642float
 .text._out_buffer
                0x10002f54        0x8 CMakeFiles/sonosupport.dir/C_/Users/User/.pico-sdk/sdk/2.2.0/src/rp2_common/pico_printf/printf.c.obj
 .text._out_null
                0x10002f5c        0x4 CMakeFiles/sonosupport.dir/C_/Users/User/.pico-sdk/sdk/2.2.0/src/rp2_common/pico_printf/printf.c.obj
 .text._out_rev
                0x10002f60       0x9c CMakeFiles/sonosupport.dir/C_/Users/User/.pico-sdk/sdk/2.2.0/src/rp2_common/pico_printf/printf.c.obj
 .text._ntoa_format
                0x10002ffc      0x1d4 CMakeFiles/sonosupport.dir/C_/Users/User/.pico-sdk/sdk/2.2.0/src/rp2_common/pico_printf/printf.c.obj
 .text._out_char
                0x100031d0        0x8 CMakeFiles/sonosupport.dir/C_/Users/User/.pico-sdk/sdk/2.2.0/src/rp2_common/pico_printf/printf.c.obj
 .text._out_fct
                0x100031d8        0xc CMakeFiles/sonosupport.dir/C_/Users/User/.pico-sdk/sdk/2.2.0/src/rp2_common/pico_printf/printf.c.obj
 *fill*         0x100031e4        0x4 
 .text._ftoa    0x100031e8      0x4bc CMakeFiles/sonosupport.dir/C_/Users/User/.pico-sdk/sdk/2.2.0/src/rp2_common/pico_printf/printf.c.obj
 *fill*         0x100036a4        0x4 
 .text._etoa    0x100036a8      0x574 CMakeFiles/sonosupport.dir/C_/Users/User/.pico-sdk/sdk/2.2.0/src/rp2_common/pico_printf/printf.c.obj
 .text._vsnprintf
                0x10003c1c      0x9e4 CMakeFiles/sonosupport.dir/C_/Users/User/.pico-sdk/sdk/2.2.0/src/rp2_common/pico_printf/printf.c.obj
 .text.__wrap_snprintf
                0x10004600       0x2c CMakeFiles/sonosupport.dir/C_/Users/User/.pico-sdk/sdk/2.2.0/src/rp2_common/pico_printf/printf.c.obj
                0x10004600                __wrap_snprintf
 .text.vfctprintf
                0x1000462c       0x28 CMakeFiles/sonosupport.dir/C_/Users/User/.pico-sdk/sdk/2.2.0/src/rp2_common/pico_printf/printf.c.obj
                0x1000462c                vfctprintf
 .text.weak_raw_vprintf
                0x10004654       0x30 CMakeFiles/sonosupport.dir/C_/Users/User/.pico-sdk/sdk/2.2.0/src/rp2_common/pico_printf/printf.c.obj
                0x10004654                weak_raw_vprintf
 .text._exit    0x10004684        0x4 CMakeFiles/sonosupport.dir/C_/Users/User/.pico-sdk/sdk/2.2.0/src/rp2_common/pico_clib_interface/newlib_interface.c.obj
                0x10004684                _exit
 .text.exit     0x10004688        0x8 CMakeFiles/sonosupport.dir/C_/Users/User/.pico-sdk/sdk/2.2.0/src/rp2_common/pico_clib_interface/newlib_interface.c.obj
                0x10004688                exit
 .text.runtime_init
                0x10004690       0x24 CMakeFiles/sonosupport.dir/C_/Users/User/.pico-sdk/sdk/2.2.0/src/rp2_common/pico_clib_interface/newlib_interface.c.obj
                0x10004690                runtime_init
 .text.stdio_out_chars_no_crlf
                0x100046b4        0x8 CMakeFiles/sonosupport.dir/C_/Users/User/.pico-sdk/sdk/2.2.0/src/rp2_common/pico_stdio/stdio.c.obj
 .text.stdio_out_chars_crlf
                0x100046bc       0xb0 CMakeFiles/sonosupport.dir/C_/Users/User/.pico-sdk/sdk/2.2.0/src/rp2_common/pico_stdio/stdio.c.obj
 .text.stdio_buffered_printer
                0x1000476c       0x60 CMakeFiles/sonosupport.dir/C_/Users/User/.pico-sdk/sdk/2.2.0/src/rp2_common/pico_stdio/stdio.c.obj
 .text.stdio_put_string
                0x100047cc       0xec CMakeFiles/sonosupport.dir/C_/Users/User/.pico-sdk/sdk/2.2.0/src/rp2_common/pico_stdio/stdio.c.obj
                0x100047cc                stdio_put_string
 .text.stdio_set_driver_enabled
                0x100048b8       0x28 CMakeFiles/sonosupport.dir/C_/Users/User/.pico-sdk/sdk/2.2.0/src/rp2_common/pico_stdio/stdio.c.obj
                0x100048b8                stdio_set_driver_enabled
 .text.stdio_init_all
                0x100048e0        0x4 CMakeFiles/sonosupport.dir/C_/Users/User/.pico-sdk/sdk/2.2.0/src/rp2_common/pico_stdio/stdio.c.obj
                0x100048e0                stdio_init_all
 .text.stdio_getchar_timeout_us
                0x100048e4       0x8c CMakeFiles/sonosupport.dir/C_/Users/User/.pico-sdk/sdk/2.2.0/src/rp2_common/pico_stdio/stdio.c.obj
                0x100048e4                stdio_getchar_timeout_us
 .text.__wrap_getchar
                0x10004970       0x70 CMakeFiles/sonosupport.dir/C_/Users/User/.pico-sdk/sdk/2.2.0/src/rp2_common/pico_stdio/stdio.c.obj
                0x10004970                stdio_getchar
                0x10004970                __wrap_getchar
 .text.__wrap_putchar
                0x100049e0       0x84 CMakeFiles/sonosupport.dir/C_/Users/User/.pico-sdk/sdk/2.2.0/src/rp2_common/pico_stdio/stdio.c.obj
                0x100049e0                __wrap_putchar
                0x100049e0                stdio_putchar
 .text.__wrap_puts
                0x10004a64       0x3c CMakeFiles/sonosupport.dir/C_/Users/User/.pico-sdk/sdk/2.2.0/src/rp2_common/pico_stdio/stdio.c.obj
                0x10004a64                stdio_puts
                0x10004a64                __wrap_puts
 .text.__wrap_vprintf
                0x10004aa0       0xc4 CMakeFiles/sonosupport.dir/C_/Users/User/.pico-sdk/sdk/2.2.0/src/rp2_common/pico_stdio/stdio.c.obj
                0x10004aa0                stdio_vprintf
                0x10004aa0                __wrap_vprintf
 .text.__wrap_printf
                0x10004b64       0x1c CMakeFiles/sonosupport.dir/C_/Users/User/.pico-sdk/sdk/2.2.0/src/rp2_common/pico_stdio/stdio.c.obj
                0x10004b64                __wrap_printf
                0x10004b64                stdio_printf
 .text.resetd_init
                0x10004b80        0x4 CMakeFiles/sonosupport.dir/C_/Users/User/.pico-sdk/sdk/2.2.0/src/rp2_common/pico_stdio_usb/reset_interface.c.obj
 .text.resetd_reset
                0x10004b84        0xc CMakeFiles/sonosupport.dir/C_/Users/User/.pico-sdk/sdk/2.2.0/src/rp2_common/pico_stdio_usb/reset_interface.c.obj
 .text.resetd_open
                0x10004b90       0x28 CMakeFiles/sonosupport.dir/C_/Users/User/.pico-sdk/sdk/2.2.0/src/rp2_common/pico_stdio_usb/reset_interface.c.obj
 .text.resetd_xfer_cb
                0x10004bb8        0x4 CMakeFiles/sonosupport.dir/C_/Users/User/.pico-sdk/sdk/2.2.0/src/rp2_common/pico_stdio_usb/reset_interface.c.obj
 .text.resetd_control_xfer_cb
                0x10004bbc       0x50 CMakeFiles/sonosupport.dir/C_/Users/User/.pico-sdk/sdk/2.2.0/src/rp2_common/pico_stdio_usb/reset_interface.c.obj
 .text.tud_descriptor_bos_cb
                0x10004c0c        0x8 CMakeFiles/sonosupport.dir/C_/Users/User/.pico-sdk/sdk/2.2.0/src/rp2_common/pico_stdio_usb/reset_interface.c.obj
                0x10004c0c                tud_descriptor_bos_cb
 .text.tud_vendor_control_xfer_cb
                0x10004c14       0x28 CMakeFiles/sonosupport.dir/C_/Users/User/.pico-sdk/sdk/2.2.0/src/rp2_common/pico_stdio_usb/reset_interface.c.obj
                0x10004c14                tud_vendor_control_xfer_cb
 .text.usbd_app_driver_get_cb
                0x10004c3c       0x10 CMakeFiles/sonosupport.dir/C_/Users/User/.pico-sdk/sdk/2.2.0/src/rp2_common/pico_stdio_usb/reset_interface.c.obj
                0x10004c3c                usbd_app_driver_get_cb
 .text.tud_cdc_line_coding_cb
                0x10004c4c       0x18 CMakeFiles/sonosupport.dir/C_/Users/User/.pico-sdk/sdk/2.2.0/src/rp2_common/pico_stdio_usb/reset_interface.c.obj
                0x10004c4c                tud_cdc_line_coding_cb
 .text.stdio_usb_set_chars_available_callback
                0x10004c64       0x14 CMakeFiles/sonosupport.dir/C_/Users/User/.pico-sdk/sdk/2.2.0/src/rp2_common/pico_stdio_usb/stdio_usb.c.obj
                0x10004c64                stdio_usb_set_chars_available_callback
 .text.timer_task
                0x10004c78       0x70 CMakeFiles/sonosupport.dir/C_/Users/User/.pico-sdk/sdk/2.2.0/src/rp2_common/pico_stdio_usb/stdio_usb.c.obj
 .text.usb_irq  0x10004ce8        0xc CMakeFiles/sonosupport.dir/C_/Users/User/.pico-sdk/sdk/2.2.0/src/rp2_common/pico_stdio_usb/stdio_usb.c.obj
 .text.stdio_usb_in_chars
                0x10004cf4       0x88 CMakeFiles/sonosupport.dir/C_/Users/User/.pico-sdk/sdk/2.2.0/src/rp2_common/pico_stdio_usb/stdio_usb.c.obj
                0x10004cf4                stdio_usb_in_chars
 .text.stdio_usb_out_flush
                0x10004d7c       0x54 CMakeFiles/sonosupport.dir/C_/Users/User/.pico-sdk/sdk/2.2.0/src/rp2_common/pico_stdio_usb/stdio_usb.c.obj
 .text.stdio_usb_out_chars
                0x10004dd0       0xf4 CMakeFiles/sonosupport.dir/C_/Users/User/.pico-sdk/sdk/2.2.0/src/rp2_common/pico_stdio_usb/stdio_usb.c.obj
 .text.low_priority_worker_irq
                0x10004ec4       0xd8 CMakeFiles/sonosupport.dir/C_/Users/User/.pico-sdk/sdk/2.2.0/src/rp2_common/pico_stdio_usb/stdio_usb.c.obj
 .text.stdio_usb_init
                0x10004f9c       0xe8 CMakeFiles/sonosupport.dir/C_/Users/User/.pico-sdk/sdk/2.2.0/src/rp2_common/pico_stdio_usb/stdio_usb.c.obj
                0x10004f9c                stdio_usb_init
 .text.stdio_usb_connected
                0x10005084        0x8 CMakeFiles/sonosupport.dir/C_/Users/User/.pico-sdk/sdk/2.2.0/src/rp2_common/pico_stdio_usb/stdio_usb.c.obj
                0x10005084                stdio_usb_connected
 .text.tud_descriptor_device_cb
                0x1000508c        0x8 CMakeFiles/sonosupport.dir/C_/Users/User/.pico-sdk/sdk/2.2.0/src/rp2_common/pico_stdio_usb/stdio_usb_descriptors.c.obj
                0x1000508c                tud_descriptor_device_cb
 .text.tud_descriptor_configuration_cb
                0x10005094        0x8 CMakeFiles/sonosupport.dir/C_/Users/User/.pico-sdk/sdk/2.2.0/src/rp2_common/pico_stdio_usb/stdio_usb_descriptors.c.obj
                0x10005094                tud_descriptor_configuration_cb
 .text.tud_descriptor_string_cb
                0x1000509c       0x70 CMakeFiles/sonosupport.dir/C_/Users/User/.pico-sdk/sdk/2.2.0/src/rp2_common/pico_stdio_usb/stdio_usb_descriptors.c.obj
                0x1000509c                tud_descriptor_string_cb
 .text.startup._retrieve_unique_id_on_boot
                0x1000510c       0x30 CMakeFiles/sonosupport.dir/C_/Users/User/.pico-sdk/sdk/2.2.0/src/rp2_common/pico_unique_id/unique_id.c.obj
 .text.pico_get_unique_board_id_string
                0x1000513c      0x184 CMakeFiles/sonosupport.dir/C_/Users/User/.pico-sdk/sdk/2.2.0/src/rp2_common/pico_unique_id/unique_id.c.obj
                0x1000513c                pico_get_unique_board_id_string
 .text.dcd_init
                0x100052c0       0x8c CMakeFiles/sonosupport.dir/C_/Users/User/.pico-sdk/sdk/2.2.0/lib/tinyusb/src/portable/raspberrypi/rp2040/dcd_rp2040.c.obj
                0x100052c0                dcd_init
 .text.dcd_int_enable
                0x1000534c        0x8 CMakeFiles/sonosupport.dir/C_/Users/User/.pico-sdk/sdk/2.2.0/lib/tinyusb/src/portable/raspberrypi/rp2040/dcd_rp2040.c.obj
                0x1000534c                dcd_int_enable
 .text.dcd_set_address
                0x10005354       0x10 CMakeFiles/sonosupport.dir/C_/Users/User/.pico-sdk/sdk/2.2.0/lib/tinyusb/src/portable/raspberrypi/rp2040/dcd_rp2040.c.obj
                0x10005354                dcd_set_address
 .text.dcd_sof_enable
                0x10005364       0x1c CMakeFiles/sonosupport.dir/C_/Users/User/.pico-sdk/sdk/2.2.0/lib/tinyusb/src/portable/raspberrypi/rp2040/dcd_rp2040.c.obj
                0x10005364                dcd_sof_enable
 .text.dcd_edpt0_status_complete
                0x10005380       0x1c CMakeFiles/sonosupport.dir/C_/Users/User/.pico-sdk/sdk/2.2.0/lib/tinyusb/src/portable/raspberrypi/rp2040/dcd_rp2040.c.obj
                0x10005380                dcd_edpt0_status_complete
 .text.dcd_edpt_open
                0x1000539c      0x104 CMakeFiles/sonosupport.dir/C_/Users/User/.pico-sdk/sdk/2.2.0/lib/tinyusb/src/portable/raspberrypi/rp2040/dcd_rp2040.c.obj
                0x1000539c                dcd_edpt_open
 .text.dcd_edpt_close_all
                0x100054a0        0x4 CMakeFiles/sonosupport.dir/C_/Users/User/.pico-sdk/sdk/2.2.0/lib/tinyusb/src/portable/raspberrypi/rp2040/dcd_rp2040.c.obj
                0x100054a0                dcd_edpt_close_all
 .text.dcd_edpt_xfer
                0x100054a4       0x28 CMakeFiles/sonosupport.dir/C_/Users/User/.pico-sdk/sdk/2.2.0/lib/tinyusb/src/portable/raspberrypi/rp2040/dcd_rp2040.c.obj
                0x100054a4                dcd_edpt_xfer
 .text.dcd_edpt_stall
                0x100054cc       0x30 CMakeFiles/sonosupport.dir/C_/Users/User/.pico-sdk/sdk/2.2.0/lib/tinyusb/src/portable/raspberrypi/rp2040/dcd_rp2040.c.obj
                0x100054cc                dcd_edpt_stall
 .text.dcd_edpt_clear_stall
                0x100054fc       0x24 CMakeFiles/sonosupport.dir/C_/Users/User/.pico-sdk/sdk/2.2.0/lib/tinyusb/src/portable/raspberrypi/rp2040/dcd_rp2040.c.obj
                0x100054fc                dcd_edpt_clear_stall
 .text.rp2040_usb_init
                0x10005520       0x40 CMakeFiles/sonosupport.dir/C_/Users/User/.pico-sdk/sdk/2.2.0/lib/tinyusb/src/portable/raspberrypi/rp2040/rp2040_usb.c.obj
                0x10005520                rp2040_usb_init
 .text.hw_endpoint_xfer_start
                0x10005560       0x40 CMakeFiles/sonosupport.dir/C_/Users/User/.pico-sdk/sdk/2.2.0/lib/tinyusb/src/portable/raspberrypi/rp2040/rp2040_usb.c.obj
                0x10005560                hw_endpoint_xfer_start
 .text.configuration_reset
                0x100055a0       0x8c CMakeFiles/sonosupport.dir/C_/Users/User/.pico-sdk/sdk/2.2.0/lib/tinyusb/src/device/usbd.c.obj
 .text.tud_event_hook_cb
                0x1000562c        0x4 CMakeFiles/sonosupport.dir/C_/Users/User/.pico-sdk/sdk/2.2.0/lib/tinyusb/src/device/usbd.c.obj
                0x1000562c                tud_event_hook_cb
 .text.tud_sof_cb
                0x10005630        0x4 CMakeFiles/sonosupport.dir/C_/Users/User/.pico-sdk/sdk/2.2.0/lib/tinyusb/src/device/usbd.c.obj
                0x10005630                tud_sof_cb
 .text.tud_descriptor_device_qualifier_cb
                0x10005634        0x4 CMakeFiles/sonosupport.dir/C_/Users/User/.pico-sdk/sdk/2.2.0/lib/tinyusb/src/device/usbd.c.obj
                0x10005634                tud_descriptor_device_qualifier_cb
 .text.tud_descriptor_other_speed_configuration_cb
                0x10005638        0x4 CMakeFiles/sonosupport.dir/C_/Users/User/.pico-sdk/sdk/2.2.0/lib/tinyusb/src/device/usbd.c.obj
                0x10005638                tud_descriptor_other_speed_configuration_cb
 .text.tud_mount_cb
                0x1000563c        0x4 CMakeFiles/sonosupport.dir/C_/Users/User/.pico-sdk/sdk/2.2.0/lib/tinyusb/src/device/usbd.c.obj
                0x1000563c                tud_mount_cb
 .text.tud_umount_cb
                0x10005640        0x4 CMakeFiles/sonosupport.dir/C_/Users/User/.pico-sdk/sdk/2.2.0/lib/tinyusb/src/device/usbd.c.obj
                0x10005640                tud_umount_cb
 .text.tud_suspend_cb
                0x10005644        0x4 CMakeFiles/sonosupport.dir/C_/Users/User/.pico-sdk/sdk/2.2.0/lib/tinyusb/src/device/usbd.c.obj
                0x10005644                tud_suspend_cb
 .text.tud_resume_cb
                0x10005648        0x4 CMakeFiles/sonosupport.dir/C_/Users/User/.pico-sdk/sdk/2.2.0/lib/tinyusb/src/device/usbd.c.obj
                0x10005648                tud_resume_cb
 .text.tud_mounted
                0x1000564c       0x10 CMakeFiles/sonosupport.dir/C_/Users/User/.pico-sdk/sdk/2.2.0/lib/tinyusb/src/device/usbd.c.obj
                0x1000564c                tud_mounted
 .text.tud_suspended
                0x1000565c       0x10 CMakeFiles/sonosupport.dir/C_/Users/User/.pico-sdk/sdk/2.2.0/lib/tinyusb/src/device/usbd.c.obj
                0x1000565c                tud_suspended
 .text.tud_rhport_init
                0x1000566c       0xf4 CMakeFiles/sonosupport.dir/C_/Users/User/.pico-sdk/sdk/2.2.0/lib/tinyusb/src/device/usbd.c.obj
                0x1000566c                tud_rhport_init
 .text.tud_task_ext
                0x10005760      0x784 CMakeFiles/sonosupport.dir/C_/Users/User/.pico-sdk/sdk/2.2.0/lib/tinyusb/src/device/usbd.c.obj
                0x10005760                tud_task_ext
 .text.usbd_open_edpt_pair
                0x10005ee4       0x9c CMakeFiles/sonosupport.dir/C_/Users/User/.pico-sdk/sdk/2.2.0/lib/tinyusb/src/device/usbd.c.obj
                0x10005ee4                usbd_open_edpt_pair
 .text.usbd_edpt_open
                0x10005f80       0x44 CMakeFiles/sonosupport.dir/C_/Users/User/.pico-sdk/sdk/2.2.0/lib/tinyusb/src/device/usbd.c.obj
                0x10005f80                usbd_edpt_open
 .text.usbd_edpt_claim
                0x10005fc4       0x24 CMakeFiles/sonosupport.dir/C_/Users/User/.pico-sdk/sdk/2.2.0/lib/tinyusb/src/device/usbd.c.obj
                0x10005fc4                usbd_edpt_claim
 .text.usbd_edpt_release
                0x10005fe8       0x24 CMakeFiles/sonosupport.dir/C_/Users/User/.pico-sdk/sdk/2.2.0/lib/tinyusb/src/device/usbd.c.obj
                0x10005fe8                usbd_edpt_release
 .text.usbd_edpt_xfer
                0x1000600c       0x70 CMakeFiles/sonosupport.dir/C_/Users/User/.pico-sdk/sdk/2.2.0/lib/tinyusb/src/device/usbd.c.obj
                0x1000600c                usbd_edpt_xfer
 .text.tud_control_status
                0x1000607c       0x34 CMakeFiles/sonosupport.dir/C_/Users/User/.pico-sdk/sdk/2.2.0/lib/tinyusb/src/device/usbd_control.c.obj
                0x1000607c                tud_control_status
 .text.tud_control_xfer
                0x100060b0       0xb0 CMakeFiles/sonosupport.dir/C_/Users/User/.pico-sdk/sdk/2.2.0/lib/tinyusb/src/device/usbd_control.c.obj
                0x100060b0                tud_control_xfer
 .text.usbd_control_reset
                0x10006160       0x14 CMakeFiles/sonosupport.dir/C_/Users/User/.pico-sdk/sdk/2.2.0/lib/tinyusb/src/device/usbd_control.c.obj
                0x10006160                usbd_control_reset
 .text.usbd_control_set_complete_callback
                0x10006174        0xc CMakeFiles/sonosupport.dir/C_/Users/User/.pico-sdk/sdk/2.2.0/lib/tinyusb/src/device/usbd_control.c.obj
                0x10006174                usbd_control_set_complete_callback
 .text.usbd_control_set_request
                0x10006180       0x1c CMakeFiles/sonosupport.dir/C_/Users/User/.pico-sdk/sdk/2.2.0/lib/tinyusb/src/device/usbd_control.c.obj
                0x10006180                usbd_control_set_request
 .text.usbd_control_xfer_cb
                0x1000619c      0x100 CMakeFiles/sonosupport.dir/C_/Users/User/.pico-sdk/sdk/2.2.0/lib/tinyusb/src/device/usbd_control.c.obj
                0x1000619c                usbd_control_xfer_cb
 .text._prep_out_transaction.isra.0
                0x1000629c       0x74 CMakeFiles/sonosupport.dir/C_/Users/User/.pico-sdk/sdk/2.2.0/lib/tinyusb/src/class/cdc/cdc_device.c.obj
 .text.tud_cdc_n_connected
                0x10006310       0x2c CMakeFiles/sonosupport.dir/C_/Users/User/.pico-sdk/sdk/2.2.0/lib/tinyusb/src/class/cdc/cdc_device.c.obj
                0x10006310                tud_cdc_n_connected
 .text.tud_cdc_n_available
                0x1000633c       0x14 CMakeFiles/sonosupport.dir/C_/Users/User/.pico-sdk/sdk/2.2.0/lib/tinyusb/src/class/cdc/cdc_device.c.obj
                0x1000633c                tud_cdc_n_available
 .text.tud_cdc_n_read
                0x10006350       0x90 CMakeFiles/sonosupport.dir/C_/Users/User/.pico-sdk/sdk/2.2.0/lib/tinyusb/src/class/cdc/cdc_device.c.obj
                0x10006350                tud_cdc_n_read
 .text.tud_cdc_n_write_flush
                0x100063e0       0x8c CMakeFiles/sonosupport.dir/C_/Users/User/.pico-sdk/sdk/2.2.0/lib/tinyusb/src/class/cdc/cdc_device.c.obj
                0x100063e0                tud_cdc_n_write_flush
 .text.tud_cdc_n_write
                0x1000646c       0x40 CMakeFiles/sonosupport.dir/C_/Users/User/.pico-sdk/sdk/2.2.0/lib/tinyusb/src/class/cdc/cdc_device.c.obj
                0x1000646c                tud_cdc_n_write
 .text.tud_cdc_n_write_available
                0x100064ac       0x14 CMakeFiles/sonosupport.dir/C_/Users/User/.pico-sdk/sdk/2.2.0/lib/tinyusb/src/class/cdc/cdc_device.c.obj
                0x100064ac                tud_cdc_n_write_available
 .text.cdcd_init
                0x100064c0       0x70 CMakeFiles/sonosupport.dir/C_/Users/User/.pico-sdk/sdk/2.2.0/lib/tinyusb/src/class/cdc/cdc_device.c.obj
                0x100064c0                cdcd_init
 .text.cdcd_deinit
                0x10006530       0x30 CMakeFiles/sonosupport.dir/C_/Users/User/.pico-sdk/sdk/2.2.0/lib/tinyusb/src/class/cdc/cdc_device.c.obj
                0x10006530                cdcd_deinit
 .text.cdcd_reset
                0x10006560       0x4c CMakeFiles/sonosupport.dir/C_/Users/User/.pico-sdk/sdk/2.2.0/lib/tinyusb/src/class/cdc/cdc_device.c.obj
                0x10006560                cdcd_reset
 .text.cdcd_open
                0x100065ac       0xc0 CMakeFiles/sonosupport.dir/C_/Users/User/.pico-sdk/sdk/2.2.0/lib/tinyusb/src/class/cdc/cdc_device.c.obj
                0x100065ac                cdcd_open
 .text.cdcd_control_xfer_cb
                0x1000666c       0xc0 CMakeFiles/sonosupport.dir/C_/Users/User/.pico-sdk/sdk/2.2.0/lib/tinyusb/src/class/cdc/cdc_device.c.obj
                0x1000666c                cdcd_control_xfer_cb
 .text.cdcd_xfer_cb
                0x1000672c       0xf8 CMakeFiles/sonosupport.dir/C_/Users/User/.pico-sdk/sdk/2.2.0/lib/tinyusb/src/class/cdc/cdc_device.c.obj
                0x1000672c                cdcd_xfer_cb
 .text.vendord_init
                0x10006824       0x5c CMakeFiles/sonosupport.dir/C_/Users/User/.pico-sdk/sdk/2.2.0/lib/tinyusb/src/class/vendor/vendor_device.c.obj
                0x10006824                vendord_init
 .text.vendord_deinit
                0x10006880       0x1c CMakeFiles/sonosupport.dir/C_/Users/User/.pico-sdk/sdk/2.2.0/lib/tinyusb/src/class/vendor/vendor_device.c.obj
                0x10006880                vendord_deinit
 .text.vendord_reset
                0x1000689c       0x24 CMakeFiles/sonosupport.dir/C_/Users/User/.pico-sdk/sdk/2.2.0/lib/tinyusb/src/class/vendor/vendor_device.c.obj
                0x1000689c                vendord_reset
 .text.vendord_open
                0x100068c0       0xf4 CMakeFiles/sonosupport.dir/C_/Users/User/.pico-sdk/sdk/2.2.0/lib/tinyusb/src/class/vendor/vendor_device.c.obj
                0x100068c0                vendord_open
 .text.vendord_xfer_cb
                0x100069b4       0x88 CMakeFiles/sonosupport.dir/C_/Users/User/.pico-sdk/sdk/2.2.0/lib/tinyusb/src/class/vendor/vendor_device.c.obj
                0x100069b4                vendord_xfer_cb
 .text.tusb_rhport_init
                0x10006a3c       0x64 CMakeFiles/sonosupport.dir/C_/Users/User/.pico-sdk/sdk/2.2.0/lib/tinyusb/src/tusb.c.obj
                0x10006a3c                tusb_rhport_init
 .text.tu_edpt_claim
                0x10006aa0       0x54 CMakeFiles/sonosupport.dir/C_/Users/User/.pico-sdk/sdk/2.2.0/lib/tinyusb/src/tusb.c.obj
                0x10006aa0                tu_edpt_claim
 .text.tu_edpt_release
                0x10006af4       0x38 CMakeFiles/sonosupport.dir/C_/Users/User/.pico-sdk/sdk/2.2.0/lib/tinyusb/src/tusb.c.obj
                0x10006af4                tu_edpt_release
 .text.tu_edpt_validate
                0x10006b2c       0x60 CMakeFiles/sonosupport.dir/C_/Users/User/.pico-sdk/sdk/2.2.0/lib/tinyusb/src/tusb.c.obj
                0x10006b2c                tu_edpt_validate
 .text.tu_edpt_bind_driver
                0x10006b8c       0x58 CMakeFiles/sonosupport.dir/C_/Users/User/.pico-sdk/sdk/2.2.0/lib/tinyusb/src/tusb.c.obj
                0x10006b8c                tu_edpt_bind_driver
 .text.tu_edpt_stream_init
                0x10006be4       0x58 CMakeFiles/sonosupport.dir/C_/Users/User/.pico-sdk/sdk/2.2.0/lib/tinyusb/src/tusb.c.obj
                0x10006be4                tu_edpt_stream_init
 .text.tu_edpt_stream_deinit
                0x10006c3c        0x4 CMakeFiles/sonosupport.dir/C_/Users/User/.pico-sdk/sdk/2.2.0/lib/tinyusb/src/tusb.c.obj
                0x10006c3c                tu_edpt_stream_deinit
 .text.tu_edpt_stream_write_zlp_if_needed
                0x10006c40       0x68 CMakeFiles/sonosupport.dir/C_/Users/User/.pico-sdk/sdk/2.2.0/lib/tinyusb/src/tusb.c.obj
                0x10006c40                tu_edpt_stream_write_zlp_if_needed
 .text.tu_edpt_stream_write_xfer
                0x10006ca8       0x70 CMakeFiles/sonosupport.dir/C_/Users/User/.pico-sdk/sdk/2.2.0/lib/tinyusb/src/tusb.c.obj
                0x10006ca8                tu_edpt_stream_write_xfer
 .text.tu_edpt_stream_read_xfer
                0x10006d18       0xc8 CMakeFiles/sonosupport.dir/C_/Users/User/.pico-sdk/sdk/2.2.0/lib/tinyusb/src/tusb.c.obj
                0x10006d18                tu_edpt_stream_read_xfer
 .text.tu_fifo_config
                0x10006de0       0x60 CMakeFiles/sonosupport.dir/C_/Users/User/.pico-sdk/sdk/2.2.0/lib/tinyusb/src/common/tusb_fifo.c.obj
                0x10006de0                tu_fifo_config
 .text.tu_fifo_count
                0x10006e40       0x20 CMakeFiles/sonosupport.dir/C_/Users/User/.pico-sdk/sdk/2.2.0/lib/tinyusb/src/common/tusb_fifo.c.obj
                0x10006e40                tu_fifo_count
 .text.tu_fifo_empty
                0x10006e60       0x14 CMakeFiles/sonosupport.dir/C_/Users/User/.pico-sdk/sdk/2.2.0/lib/tinyusb/src/common/tusb_fifo.c.obj
                0x10006e60                tu_fifo_empty
 .text.tu_fifo_remaining
                0x10006e74       0x24 CMakeFiles/sonosupport.dir/C_/Users/User/.pico-sdk/sdk/2.2.0/lib/tinyusb/src/common/tusb_fifo.c.obj
                0x10006e74                tu_fifo_remaining
 .text.tu_fifo_read
                0x10006e98       0x94 CMakeFiles/sonosupport.dir/C_/Users/User/.pico-sdk/sdk/2.2.0/lib/tinyusb/src/common/tusb_fifo.c.obj
                0x10006e98                tu_fifo_read
 .text.tu_fifo_read_n
                0x10006f2c       0xd8 CMakeFiles/sonosupport.dir/C_/Users/User/.pico-sdk/sdk/2.2.0/lib/tinyusb/src/common/tusb_fifo.c.obj
                0x10006f2c                tu_fifo_read_n
 .text.tu_fifo_write
                0x10007004       0xa4 CMakeFiles/sonosupport.dir/C_/Users/User/.pico-sdk/sdk/2.2.0/lib/tinyusb/src/common/tusb_fifo.c.obj
                0x10007004                tu_fifo_write
 .text.tu_fifo_write_n
                0x100070a8      0x15c CMakeFiles/sonosupport.dir/C_/Users/User/.pico-sdk/sdk/2.2.0/lib/tinyusb/src/common/tusb_fifo.c.obj
                0x100070a8                tu_fifo_write_n
 .text.tu_fifo_clear
                0x10007204       0x38 CMakeFiles/sonosupport.dir/C_/Users/User/.pico-sdk/sdk/2.2.0/lib/tinyusb/src/common/tusb_fifo.c.obj
                0x10007204                tu_fifo_clear
 .text.tu_fifo_set_overwritable
                0x1000723c       0x3c CMakeFiles/sonosupport.dir/C_/Users/User/.pico-sdk/sdk/2.2.0/lib/tinyusb/src/common/tusb_fifo.c.obj
                0x1000723c                tu_fifo_set_overwritable
 .text.adc_init
                0x10007278       0x30 CMakeFiles/sonosupport.dir/C_/Users/User/.pico-sdk/sdk/2.2.0/src/rp2_common/hardware_adc/adc.c.obj
                0x10007278                adc_init
 .text.spi_init
                0x100072a8       0xf4 CMakeFiles/sonosupport.dir/C_/Users/User/.pico-sdk/sdk/2.2.0/src/rp2_common/hardware_spi/spi.c.obj
                0x100072a8                spi_init
 .text.memset   0x1000739c       0x9c C:/Users/User/.pico-sdk/toolchain/14_2_Rel1/bin/../lib/gcc/arm-none-eabi/14.2.1/thumb/v8-m.main+fp/softfp\libg.a(libc_a-memset.o)
                0x1000739c                memset
 .text.__errno  0x10007438        0xc C:/Users/User/.pico-sdk/toolchain/14_2_Rel1/bin/../lib/gcc/arm-none-eabi/14.2.1/thumb/v8-m.main+fp/softfp\libg.a(libc_a-errno.o)
                0x10007438                __errno
 .text          0x10007444       0xec C:/Users/User/.pico-sdk/toolchain/14_2_Rel1/bin/../lib/gcc/arm-none-eabi/14.2.1/thumb/v8-m.main+fp/softfp\libg.a(libc_a-memcpy.o)
                0x10007444                memcpy
 .text.strlen   0x10007530       0x5c C:/Users/User/.pico-sdk/toolchain/14_2_Rel1/bin/../lib/gcc/arm-none-eabi/14.2.1/thumb/v8-m.main+fp/softfp\libg.a(libc_a-strlen-stub.o)
                0x10007530                strlen
 *(.fini)
 .fini          0x1000758c        0x4 C:/Users/User/.pico-sdk/toolchain/14_2_Rel1/bin/../lib/gcc/arm-none-eabi/14.2.1/thumb/v8-m.main+fp/softfp/crti.o
                0x1000758c                _fini
 .fini.__stub   0x10007590       0x68 linker stubs
 *crtbegin.o(.ctors)
 *crtbegin?.o(.ctors)
 *(EXCLUDE_FILE(*crtend.o *crtend?.o) .ctors)
 *(SORT_BY_NAME(.ctors.*))
 *(.ctors)
 *crtbegin.o(.dtors)
 *crtbegin?.o(.dtors)
 *(EXCLUDE_FILE(*crtend.o *crtend?.o) .dtors)
 *(SORT_BY_NAME(.dtors.*))
 *(.dtors)
                0x100075f8                        . = ALIGN (0x4)
                0x100075f8                        PROVIDE (__preinit_array_start = .)
 *(SORT_BY_NAME(.preinit_array.*))
 .preinit_array.00050
                0x100075f8        0x4 CMakeFiles/sonosupport.dir/C_/Users/User/.pico-sdk/sdk/2.2.0/src/rp2_common/pico_runtime_init/runtime_init.c.obj
                0x100075f8                __pre_init_runtime_init_bootrom_reset
 .preinit_array.00100
                0x100075fc        0x4 CMakeFiles/sonosupport.dir/C_/Users/User/.pico-sdk/sdk/2.2.0/src/rp2_common/pico_runtime_init/runtime_init.c.obj
                0x100075fc                __pre_init_runtime_init_early_resets
 .preinit_array.00101
                0x10007600        0x4 CMakeFiles/sonosupport.dir/C_/Users/User/.pico-sdk/sdk/2.2.0/src/rp2_common/pico_runtime_init/runtime_init.c.obj
                0x10007600                __pre_init_runtime_init_usb_power_down
 .preinit_array.00500
                0x10007604        0x4 CMakeFiles/sonosupport.dir/C_/Users/User/.pico-sdk/sdk/2.2.0/src/rp2_common/pico_runtime_init/runtime_init.c.obj
                0x10007604                __pre_init_runtime_init_clocks
 .preinit_array.00600
                0x10007608        0x4 CMakeFiles/sonosupport.dir/C_/Users/User/.pico-sdk/sdk/2.2.0/src/rp2_common/pico_runtime_init/runtime_init.c.obj
                0x10007608                __pre_init_runtime_init_post_clock_resets
 .preinit_array.01000
                0x1000760c        0x4 CMakeFiles/sonosupport.dir/C_/Users/User/.pico-sdk/sdk/2.2.0/src/rp2_common/hardware_boot_lock/boot_lock.c.obj
                0x1000760c                __pre_init_runtime_init_boot_locks_reset
 .preinit_array.01000
                0x10007610        0x4 CMakeFiles/sonosupport.dir/C_/Users/User/.pico-sdk/sdk/2.2.0/src/rp2_common/pico_runtime_init/runtime_init.c.obj
                0x10007610                __pre_init_runtime_init_spin_locks_reset
 .preinit_array.01010
                0x10007614        0x4 CMakeFiles/sonosupport.dir/C_/Users/User/.pico-sdk/sdk/2.2.0/src/rp2_common/pico_bootrom/bootrom_lock.c.obj
                0x10007614                __pre_init_runtime_init_bootrom_locking_enable
 .preinit_array.01100
                0x10007618        0x4 CMakeFiles/sonosupport.dir/C_/Users/User/.pico-sdk/sdk/2.2.0/src/common/pico_sync/mutex.c.obj
                0x10007618                __pre_init_runtime_init_mutex
 .preinit_array.10080
                0x1000761c        0x4 CMakeFiles/sonosupport.dir/C_/Users/User/.pico-sdk/sdk/2.2.0/src/rp2_common/pico_runtime_init/runtime_init.c.obj
                0x1000761c                __pre_init_runtime_init_install_ram_vector_table
 .preinit_array.11000
                0x10007620        0x4 CMakeFiles/sonosupport.dir/C_/Users/User/.pico-sdk/sdk/2.2.0/src/common/pico_time/time.c.obj
                0x10007620                __pre_init_runtime_init_default_alarm_pool
 .preinit_array.YYYYY
                0x10007624        0x4 CMakeFiles/sonosupport.dir/C_/Users/User/.pico-sdk/sdk/2.2.0/src/rp2_common/pico_runtime/runtime.c.obj
                0x10007624                __pre_init_first_per_core_initializer
 .preinit_array.ZZZZZ.00051
                0x10007628        0x4 CMakeFiles/sonosupport.dir/C_/Users/User/.pico-sdk/sdk/2.2.0/src/rp2_common/pico_runtime_init/runtime_init.c.obj
                0x10007628                __pre_init_runtime_init_per_core_bootrom_reset
 .preinit_array.ZZZZZ.00200
                0x1000762c        0x4 CMakeFiles/sonosupport.dir/C_/Users/User/.pico-sdk/sdk/2.2.0/src/rp2_common/pico_runtime_init/runtime_init.c.obj
                0x1000762c                __pre_init_runtime_init_per_core_enable_coprocessors
 .preinit_array.ZZZZZ.01000
                0x10007630        0x4 CMakeFiles/sonosupport.dir/C_/Users/User/.pico-sdk/sdk/2.2.0/src/rp2_common/hardware_sync_spin_lock/sync_spin_lock.c.obj
                0x10007630                __pre_init_spinlock_set_extexclall
 .preinit_array.ZZZZZ.01200
                0x10007634        0x4 CMakeFiles/sonosupport.dir/C_/Users/User/.pico-sdk/sdk/2.2.0/src/rp2_common/hardware_irq/irq.c.obj
                0x10007634                __pre_init_runtime_init_per_core_irq_priorities
 *(.preinit_array)
                0x10007638                        PROVIDE (__preinit_array_end = .)
                0x10007638                        . = ALIGN (0x4)
                0x10007638                        PROVIDE (__init_array_start = .)
 *(SORT_BY_NAME(.init_array.*))
 .init_array.01000
                0x10007638        0x4 CMakeFiles/sonosupport.dir/C_/Users/User/.pico-sdk/sdk/2.2.0/src/rp2_common/pico_unique_id/unique_id.c.obj
 *(.init_array)
 .init_array    0x1000763c        0x4 C:/Users/User/.pico-sdk/toolchain/14_2_Rel1/bin/../lib/gcc/arm-none-eabi/14.2.1/thumb/v8-m.main+fp/softfp/crtbegin.o
                0x10007640                        PROVIDE (__init_array_end = .)
                0x10007640                        . = ALIGN (0x4)
                [!provide]                        PROVIDE (__fini_array_start = .)
 *(SORT_BY_NAME(.fini_array.*))
 *(.fini_array)
                [!provide]                        PROVIDE (__fini_array_end = .)
 *(.eh_frame*)
 .eh_frame      0x10007640        0x0 C:/Users/User/.pico-sdk/toolchain/14_2_Rel1/bin/../lib/gcc/arm-none-eabi/14.2.1/thumb/v8-m.main+fp/softfp/crtbegin.o
                0x10007640                        . = ALIGN (0x4)

.glue_7         0x10007640        0x0
 .glue_7        0x10007640        0x0 linker stubs

.glue_7t        0x10007640        0x0
 .glue_7t       0x10007640        0x0 linker stubs

.vfp11_veneer   0x10007640        0x0
 .vfp11_veneer  0x10007640        0x0 linker stubs

.v4_bx          0x10007640        0x0
 .v4_bx         0x10007640        0x0 linker stubs

.iplt           0x10007640        0x0
 .iplt          0x10007640        0x0 C:/Users/User/.pico-sdk/toolchain/14_2_Rel1/bin/../lib/gcc/arm-none-eabi/14.2.1/thumb/v8-m.main+fp/softfp/crtbegin.o

.boot2          0x10007640        0x0
                0x10007640                        __boot2_start__ = .
 *(.boot2)
                0x10007640                        __boot2_end__ = .
                0x00000001                        ASSERT (((__boot2_end__ - __boot2_start__) <= 0x100), ERROR: Pico second stage bootloader must be no more than 256 bytes in size)

.rodata         0x10007640      0xc2c
 *(EXCLUDE_FILE(*libm.a: *libc.a:*lib_a-mem*.o *libgcc.a:) .rodata*)
 .rodata.main.str1.4
                0x10007640      0x7d0 CMakeFiles/sonosupport.dir/main.c.obj
                                 0xce (size before relaxing)
 .rodata.font5x7
                0x10007e10      0x1db CMakeFiles/sonosupport.dir/HAL/src/lcd.c.obj
 *fill*         0x10007feb        0x1 
 .rodata        0x10007fec       0x10 CMakeFiles/sonosupport.dir/HAL/src/lcd.c.obj
 .rodata.emg_cal_run.str1.4
                0x10007ffc      0x45b CMakeFiles/sonosupport.dir/control/src/emg_cal.c.obj
 .rodata.emg_cal_trial.str1.4
                0x10007ffc      0x11f CMakeFiles/sonosupport.dir/control/src/emg_cal.c.obj
 .rodata.draw_state.str1.4
                0x10007ffc        0xf CMakeFiles/sonosupport.dir/control/src/ui.c.obj
 .rodata.ui_trial_update.str1.4
                0x10007ffc        0x6 CMakeFiles/sonosupport.dir/control/src/ui.c.obj
 .rodata.ui_trial_start.str1.4
                0x10007ffc        0x5 CMakeFiles/sonosupport.dir/control/src/ui.c.obj
 .rodata.panic.str1.4
                0x10007ffc       0x12 CMakeFiles/sonosupport.dir/C_/Users/User/.pico-sdk/sdk/2.2.0/src/rp2_common/pico_platform_panic/panic.c.obj
 .rodata.spin_lock_claim_unused.str1.4
                0x10007ffc       0x1b CMakeFiles/sonosupport.dir/C_/Users/User/.pico-sdk/sdk/2.2.0/src/rp2_common/hardware_sync/sync.c.obj
 .rodata.user_irq_claim_unused.str1.4
                0x10007ffc       0x1b CMakeFiles/sonosupport.dir/C_/Users/User/.pico-sdk/sdk/2.2.0/src/rp2_common/hardware_irq/irq.c.obj
 *fill*         0x10007ffc        0x4 
 .rodata.at_the_end_of_time
                0x10008000        0x8 CMakeFiles/sonosupport.dir/C_/Users/User/.pico-sdk/sdk/2.2.0/src/common/pico_time/time.c.obj
                0x10008000                at_the_end_of_time
 .rodata.timer_hardware_alarm_claim.str1.4
                0x10008008       0x22 CMakeFiles/sonosupport.dir/C_/Users/User/.pico-sdk/sdk/2.2.0/src/rp2_common/hardware_timer/timer.c.obj
 .rodata.hard_assertion_failure.str1.4
                0x10008008        0xc CMakeFiles/sonosupport.dir/C_/Users/User/.pico-sdk/sdk/2.2.0/src/rp2_common/pico_runtime/runtime.c.obj
 .rodata.str1.4
                0x10008008       0x40 CMakeFiles/sonosupport.dir/C_/Users/User/.pico-sdk/sdk/2.2.0/src/rp2_common/pico_standard_binary_info/standard_binary_info.c.obj
 .rodata.__bi_84
                0x10008008        0xc CMakeFiles/sonosupport.dir/C_/Users/User/.pico-sdk/sdk/2.2.0/src/rp2_common/pico_standard_binary_info/standard_binary_info.c.obj
 .rodata.__bi_78
                0x10008014        0xc CMakeFiles/sonosupport.dir/C_/Users/User/.pico-sdk/sdk/2.2.0/src/rp2_common/pico_standard_binary_info/standard_binary_info.c.obj
 .rodata.__bi_54
                0x10008020        0xc CMakeFiles/sonosupport.dir/C_/Users/User/.pico-sdk/sdk/2.2.0/src/rp2_common/pico_standard_binary_info/standard_binary_info.c.obj
 .rodata.__bi_48
                0x1000802c        0xc CMakeFiles/sonosupport.dir/C_/Users/User/.pico-sdk/sdk/2.2.0/src/rp2_common/pico_standard_binary_info/standard_binary_info.c.obj
 .rodata.__bi_42
                0x10008038        0xc CMakeFiles/sonosupport.dir/C_/Users/User/.pico-sdk/sdk/2.2.0/src/rp2_common/pico_standard_binary_info/standard_binary_info.c.obj
 .rodata.__bi_34
                0x10008044        0xc CMakeFiles/sonosupport.dir/C_/Users/User/.pico-sdk/sdk/2.2.0/src/rp2_common/pico_standard_binary_info/standard_binary_info.c.obj
 .rodata.__bi_26
                0x10008050        0xc CMakeFiles/sonosupport.dir/C_/Users/User/.pico-sdk/sdk/2.2.0/src/rp2_common/pico_standard_binary_info/standard_binary_info.c.obj
 .rodata._ftoa.str1.4
                0x1000805c       0x15 CMakeFiles/sonosupport.dir/C_/Users/User/.pico-sdk/sdk/2.2.0/src/rp2_common/pico_printf/printf.c.obj
 *fill*         0x1000805c        0x4 
 .rodata.pow10.0
                0x10008060       0x50 CMakeFiles/sonosupport.dir/C_/Users/User/.pico-sdk/sdk/2.2.0/src/rp2_common/pico_printf/printf.c.obj
 .rodata.crlf_str.0
                0x100080b0        0x2 CMakeFiles/sonosupport.dir/C_/Users/User/.pico-sdk/sdk/2.2.0/src/rp2_common/pico_stdio/stdio.c.obj
 *fill*         0x100080b2        0x2 
 .rodata._resetd_driver
                0x100080b4       0x20 CMakeFiles/sonosupport.dir/C_/Users/User/.pico-sdk/sdk/2.2.0/src/rp2_common/pico_stdio_usb/reset_interface.c.obj
 .rodata.desc_ms_os_20
                0x100080d4       0xa6 CMakeFiles/sonosupport.dir/C_/Users/User/.pico-sdk/sdk/2.2.0/src/rp2_common/pico_stdio_usb/reset_interface.c.obj
 *fill*         0x1000817a        0x2 
 .rodata.desc_bos
                0x1000817c       0x21 CMakeFiles/sonosupport.dir/C_/Users/User/.pico-sdk/sdk/2.2.0/src/rp2_common/pico_stdio_usb/reset_interface.c.obj
                0x1000817c                desc_bos
 .rodata.str1.4
                0x1000819d       0x13 CMakeFiles/sonosupport.dir/C_/Users/User/.pico-sdk/sdk/2.2.0/src/rp2_common/pico_stdio_usb/stdio_usb.c.obj
 *fill*         0x1000819d        0x3 
 .rodata.__bi_202.0
                0x100081a0        0xc CMakeFiles/sonosupport.dir/C_/Users/User/.pico-sdk/sdk/2.2.0/src/rp2_common/pico_stdio_usb/stdio_usb.c.obj
 .rodata.str1.4
                0x100081ac       0x2a CMakeFiles/sonosupport.dir/C_/Users/User/.pico-sdk/sdk/2.2.0/src/rp2_common/pico_stdio_usb/stdio_usb_descriptors.c.obj
 .rodata.usbd_desc_str
                0x100081ac       0x18 CMakeFiles/sonosupport.dir/C_/Users/User/.pico-sdk/sdk/2.2.0/src/rp2_common/pico_stdio_usb/stdio_usb_descriptors.c.obj
 .rodata.usbd_desc_cfg
                0x100081c4       0x54 CMakeFiles/sonosupport.dir/C_/Users/User/.pico-sdk/sdk/2.2.0/src/rp2_common/pico_stdio_usb/stdio_usb_descriptors.c.obj
 .rodata.usbd_desc_device
                0x10008218       0x12 CMakeFiles/sonosupport.dir/C_/Users/User/.pico-sdk/sdk/2.2.0/src/rp2_common/pico_stdio_usb/stdio_usb_descriptors.c.obj
 .rodata.str1.4
                0x1000822a       0x14 CMakeFiles/sonosupport.dir/C_/Users/User/.pico-sdk/sdk/2.2.0/lib/tinyusb/src/portable/raspberrypi/rp2040/dcd_rp2040.c.obj
 .rodata.str1.4
                0x1000822a       0x48 CMakeFiles/sonosupport.dir/C_/Users/User/.pico-sdk/sdk/2.2.0/lib/tinyusb/src/portable/raspberrypi/rp2040/rp2040_usb.c.obj
 *fill*         0x1000822a        0x2 
 .rodata._usbd_driver
                0x1000822c       0x40 CMakeFiles/sonosupport.dir/C_/Users/User/.pico-sdk/sdk/2.2.0/lib/tinyusb/src/device/usbd.c.obj
 *(.srodata*)
                0x1000826c                        . = ALIGN (0x4)
 *(SORT_BY_ALIGNMENT(SORT_BY_NAME(.flashdata*)))
                0x1000826c                        . = ALIGN (0x4)

.ARM.extab
 *(.ARM.extab* .gnu.linkonce.armextab.*)
                0x1000826c                        __exidx_start = .

.ARM.exidx      0x1000826c        0x8
 *(.ARM.exidx* .gnu.linkonce.armexidx.*)
 .ARM.exidx     0x1000826c        0x8 C:/Users/User/.pico-sdk/toolchain/14_2_Rel1/bin/../lib/gcc/arm-none-eabi/14.2.1/thumb/v8-m.main+fp/softfp\libg.a(libc_a-memcpy.o)
 .ARM.exidx.text.__udivmoddi4
                0x10008274        0x0 C:/Users/User/.pico-sdk/toolchain/14_2_Rel1/bin/../lib/gcc/arm-none-eabi/14.2.1/thumb/v8-m.main+fp/softfp\libgcc.a(_udivmoddi4.o)
                                  0x8 (size before relaxing)
                0x10008274                        __exidx_end = .
                0x10008274                        . = ALIGN (0x4)
                0x10008274                        __binary_info_start = .

.binary_info    0x10008274       0x20
 *(.binary_info.keep.*)
 .binary_info.keep.__bi_ptr84
                0x10008274        0x4 CMakeFiles/sonosupport.dir/C_/Users/User/.pico-sdk/sdk/2.2.0/src/rp2_common/pico_standard_binary_info/standard_binary_info.c.obj
 .binary_info.keep.__bi_ptr78
                0x10008278        0x4 CMakeFiles/sonosupport.dir/C_/Users/User/.pico-sdk/sdk/2.2.0/src/rp2_common/pico_standard_binary_info/standard_binary_info.c.obj
 .binary_info.keep.__bi_ptr54
                0x1000827c        0x4 CMakeFiles/sonosupport.dir/C_/Users/User/.pico-sdk/sdk/2.2.0/src/rp2_common/pico_standard_binary_info/standard_binary_info.c.obj
 .binary_info.keep.__bi_ptr48
                0x10008280        0x4 CMakeFiles/sonosupport.dir/C_/Users/User/.pico-sdk/sdk/2.2.0/src/rp2_common/pico_standard_binary_info/standard_binary_info.c.obj
 .binary_info.keep.__bi_ptr42
                0x10008284        0x4 CMakeFiles/sonosupport.dir/C_/Users/User/.pico-sdk/sdk/2.2.0/src/rp2_common/pico_standard_binary_info/standard_binary_info.c.obj
 .binary_info.keep.__bi_ptr34
                0x10008288        0x4 CMakeFiles/sonosupport.dir/C_/Users/User/.pico-sdk/sdk/2.2.0/src/rp2_common/pico_standard_binary_info/standard_binary_info.c.obj
 .binary_info.keep.__bi_ptr26
                0x1000828c        0x4 CMakeFiles/sonosupport.dir/C_/Users/User/.pico-sdk/sdk/2.2.0/src/rp2_common/pico_standard_binary_info/standard_binary_info.c.obj
 *(.binary_info.*)
 .binary_info.__bi_ptr202
                0x10008290        0x4 CMakeFiles/sonosupport.dir/C_/Users/User/.pico-sdk/sdk/2.2.0/src/rp2_common/pico_stdio_usb/stdio_usb.c.obj
                0x10008294                        __binary_info_end = .
                0x10008294                        . = ALIGN (0x4)

.ram_vector_table
                0x20000000      0x110
 *(.ram_vector_table)
 .ram_vector_table
                0x20000000      0x110 CMakeFiles/sonosupport.dir/C_/Users/User/.pico-sdk/sdk/2.2.0/src/rp2_common/pico_runtime_init/runtime_init.c.obj
                0x20000000                ram_vector_table

.uninitialized_data
                0x20000110        0x0
                0x20000110                        . = ALIGN (0x4)
 *(.uninitialized_data*)

.data           0x20000110     0x16c0 load address 0x10008294
                0x20000110                        __data_start__ = .
 *(vtable)
 *(.time_critical*)
 .time_critical.mutex_try_enter
                0x20000110       0x50 CMakeFiles/sonosupport.dir/C_/Users/User/.pico-sdk/sdk/2.2.0/src/common/pico_sync/mutex.c.obj
                0x20000110                mutex_try_enter
 .time_critical.mutex_enter_block_until
                0x20000160       0x6c CMakeFiles/sonosupport.dir/C_/Users/User/.pico-sdk/sdk/2.2.0/src/common/pico_sync/mutex.c.obj
                0x20000160                mutex_enter_block_until
 .time_critical.mutex_try_enter_block_until
                0x200001cc       0x68 CMakeFiles/sonosupport.dir/C_/Users/User/.pico-sdk/sdk/2.2.0/src/common/pico_sync/mutex.c.obj
                0x200001cc                mutex_try_enter_block_until
 .time_critical.mutex_enter_timeout_ms
                0x20000234       0x38 CMakeFiles/sonosupport.dir/C_/Users/User/.pico-sdk/sdk/2.2.0/src/common/pico_sync/mutex.c.obj
                0x20000234                mutex_enter_timeout_ms
 .time_critical.mutex_exit
                0x2000026c       0x3c CMakeFiles/sonosupport.dir/C_/Users/User/.pico-sdk/sdk/2.2.0/src/common/pico_sync/mutex.c.obj
                0x2000026c                mutex_exit
 .time_critical.reset_non_control_endpoints
                0x200002a8       0x64 CMakeFiles/sonosupport.dir/C_/Users/User/.pico-sdk/sdk/2.2.0/lib/tinyusb/src/portable/raspberrypi/rp2040/dcd_rp2040.c.obj
 .time_critical.hw_handle_buff_status
                0x2000030c       0x90 CMakeFiles/sonosupport.dir/C_/Users/User/.pico-sdk/sdk/2.2.0/lib/tinyusb/src/portable/raspberrypi/rp2040/dcd_rp2040.c.obj
 .time_critical.dcd_rp2040_irq
                0x2000039c      0x530 CMakeFiles/sonosupport.dir/C_/Users/User/.pico-sdk/sdk/2.2.0/lib/tinyusb/src/portable/raspberrypi/rp2040/dcd_rp2040.c.obj
 .time_critical.prepare_ep_buffer
                0x200008cc       0xc0 CMakeFiles/sonosupport.dir/C_/Users/User/.pico-sdk/sdk/2.2.0/lib/tinyusb/src/portable/raspberrypi/rp2040/rp2040_usb.c.obj
 .time_critical.sync_ep_buffer
                0x2000098c       0xb4 CMakeFiles/sonosupport.dir/C_/Users/User/.pico-sdk/sdk/2.2.0/lib/tinyusb/src/portable/raspberrypi/rp2040/rp2040_usb.c.obj
 .time_critical._hw_endpoint_xfer_sync
                0x20000a40       0x2c CMakeFiles/sonosupport.dir/C_/Users/User/.pico-sdk/sdk/2.2.0/lib/tinyusb/src/portable/raspberrypi/rp2040/rp2040_usb.c.obj
 .time_critical.e15_is_bulkin_ep
                0x20000a6c       0x28 CMakeFiles/sonosupport.dir/C_/Users/User/.pico-sdk/sdk/2.2.0/lib/tinyusb/src/portable/raspberrypi/rp2040/rp2040_usb.c.obj
 .time_critical.e15_is_critical_frame_period
                0x20000a94       0x28 CMakeFiles/sonosupport.dir/C_/Users/User/.pico-sdk/sdk/2.2.0/lib/tinyusb/src/portable/raspberrypi/rp2040/rp2040_usb.c.obj
 .time_critical.hw_endpoint_reset_transfer
                0x20000abc        0xc CMakeFiles/sonosupport.dir/C_/Users/User/.pico-sdk/sdk/2.2.0/lib/tinyusb/src/portable/raspberrypi/rp2040/rp2040_usb.c.obj
                0x20000abc                hw_endpoint_reset_transfer
 .time_critical._hw_endpoint_buffer_control_update32
                0x20000ac8       0x44 CMakeFiles/sonosupport.dir/C_/Users/User/.pico-sdk/sdk/2.2.0/lib/tinyusb/src/portable/raspberrypi/rp2040/rp2040_usb.c.obj
                0x20000ac8                _hw_endpoint_buffer_control_update32
 .time_critical.hw_endpoint_start_next_buffer
                0x20000b0c       0x64 CMakeFiles/sonosupport.dir/C_/Users/User/.pico-sdk/sdk/2.2.0/lib/tinyusb/src/portable/raspberrypi/rp2040/rp2040_usb.c.obj
                0x20000b0c                hw_endpoint_start_next_buffer
 .time_critical.hw_endpoint_xfer_continue
                0x20000b70       0x3c CMakeFiles/sonosupport.dir/C_/Users/User/.pico-sdk/sdk/2.2.0/lib/tinyusb/src/portable/raspberrypi/rp2040/rp2040_usb.c.obj
                0x20000b70                hw_endpoint_xfer_continue
 .time_critical.tinyusb
                0x20000bac      0x224 CMakeFiles/sonosupport.dir/C_/Users/User/.pico-sdk/sdk/2.2.0/lib/tinyusb/src/device/usbd.c.obj
                0x20000bac                dcd_event_handler
 .time_critical.spi_write_blocking
                0x20000dd0       0x90 CMakeFiles/sonosupport.dir/C_/Users/User/.pico-sdk/sdk/2.2.0/src/rp2_common/hardware_spi/spi.c.obj
                0x20000dd0                spi_write_blocking
 *(.text*)
 .text.sqrtf    0x20000e60       0x48 C:/Users/User/.pico-sdk/toolchain/14_2_Rel1/bin/../lib/gcc/arm-none-eabi/14.2.1/thumb/v8-m.main+fp/softfp\libm.a(libm_a-wf_sqrt.o)
                0x20000e60                sqrtf
 .text.__ieee754_sqrtf
                0x20000ea8       0x10 C:/Users/User/.pico-sdk/toolchain/14_2_Rel1/bin/../lib/gcc/arm-none-eabi/14.2.1/thumb/v8-m.main+fp/softfp\libm.a(libm_a-ef_sqrt.o)
                0x20000ea8                __ieee754_sqrtf
 .text          0x20000eb8      0x378 C:/Users/User/.pico-sdk/toolchain/14_2_Rel1/bin/../lib/gcc/arm-none-eabi/14.2.1/thumb/v8-m.main+fp/softfp\libgcc.a(_arm_addsubdf3.o)
                0x20000eb8                __aeabi_drsub
                0x20000ec0                __aeabi_dsub
                0x20000ec0                __subdf3
                0x20000ec4                __aeabi_dadd
                0x20000ec4                __adddf3
                0x2000113c                __floatunsidf
                0x2000113c                __aeabi_ui2d
                0x2000115c                __floatsidf
                0x2000115c                __aeabi_i2d
                0x20001180                __aeabi_f2d
                0x20001180                __extendsfdf2
                0x200011c4                __floatundidf
                0x200011c4                __aeabi_ul2d
                0x200011d4                __floatdidf
                0x200011d4                __aeabi_l2d
 .text          0x20001230       0x30 C:/Users/User/.pico-sdk/toolchain/14_2_Rel1/bin/../lib/gcc/arm-none-eabi/14.2.1/thumb/v8-m.main+fp/softfp\libgcc.a(_aeabi_uldivmod.o)
                0x20001230                __aeabi_uldivmod
 .text.__udivmoddi4
                0x20001260      0x34c C:/Users/User/.pico-sdk/toolchain/14_2_Rel1/bin/../lib/gcc/arm-none-eabi/14.2.1/thumb/v8-m.main+fp/softfp\libgcc.a(_udivmoddi4.o)
                0x20001260                __udivmoddi4
 .text          0x200015ac        0x4 C:/Users/User/.pico-sdk/toolchain/14_2_Rel1/bin/../lib/gcc/arm-none-eabi/14.2.1/thumb/v8-m.main+fp/softfp\libgcc.a(_dvmd_tls.o)
                0x200015ac                __aeabi_idiv0
                0x200015ac                __aeabi_ldiv0
 .text.__stub   0x200015b0       0x38 linker stubs
                0x200015e8                        . = ALIGN (0x4)
 *(.rodata*)
                0x200015e8                        . = ALIGN (0x4)
 *(.data*)
 .data.striped_spin_lock_num
                0x200015e8        0x1 CMakeFiles/sonosupport.dir/C_/Users/User/.pico-sdk/sdk/2.2.0/src/rp2_common/hardware_sync/sync.c.obj
 *fill*         0x200015e9        0x3 
 .data          0x200015ec       0x48 CMakeFiles/sonosupport.dir/C_/Users/User/.pico-sdk/sdk/2.2.0/src/rp2_common/hardware_irq/irq_handler_chain.S.obj
                0x200015ec                irq_handler_chain_slots
                0x2000161c                irq_handler_chain_first_slot
                0x20001626                irq_handler_chain_remove_tail
 .data.default_alarm_pool
                0x20001634       0x18 CMakeFiles/sonosupport.dir/C_/Users/User/.pico-sdk/sdk/2.2.0/src/common/pico_time/time.c.obj
 .data.stdio_usb
                0x2000164c       0x18 CMakeFiles/sonosupport.dir/C_/Users/User/.pico-sdk/sdk/2.2.0/src/rp2_common/pico_stdio_usb/stdio_usb.c.obj
                0x2000164c                stdio_usb
 .data._usbd_qdef
                0x20001664       0x1c CMakeFiles/sonosupport.dir/C_/Users/User/.pico-sdk/sdk/2.2.0/lib/tinyusb/src/device/usbd.c.obj
                0x20001664                _usbd_qdef
 .data._usbd_rhport
                0x20001680        0x1 CMakeFiles/sonosupport.dir/C_/Users/User/.pico-sdk/sdk/2.2.0/lib/tinyusb/src/device/usbd.c.obj
 *fill*         0x20001681        0x3 
 .data._impure_ptr
                0x20001684        0x4 C:/Users/User/.pico-sdk/toolchain/14_2_Rel1/bin/../lib/gcc/arm-none-eabi/14.2.1/thumb/v8-m.main+fp/softfp\libg.a(libc_a-impure.o)
                0x20001684                _impure_ptr
 .data._impure_data
                0x20001688      0x140 C:/Users/User/.pico-sdk/toolchain/14_2_Rel1/bin/../lib/gcc/arm-none-eabi/14.2.1/thumb/v8-m.main+fp/softfp\libg.a(libc_a-impure.o)
                0x20001688                _impure_data
 *(.sdata*)
                0x200017c8                        . = ALIGN (0x4)
 *(.after_data.*)
                0x200017c8                        . = ALIGN (0x4)
                0x200017c8                        PROVIDE (__mutex_array_start = .)
 *(SORT_BY_NAME(.mutex_array.*))
 *(.mutex_array)
 .mutex_array   0x200017c8        0x8 CMakeFiles/sonosupport.dir/C_/Users/User/.pico-sdk/sdk/2.2.0/src/rp2_common/pico_stdio/stdio.c.obj
                0x200017d0                        PROVIDE (__mutex_array_end = .)
 *(.jcr)
                0x200017d0                        . = ALIGN (0x4)

.tm_clone_table
                0x200017d0        0x0 load address 0x10009954
 .tm_clone_table
                0x200017d0        0x0 C:/Users/User/.pico-sdk/toolchain/14_2_Rel1/bin/../lib/gcc/arm-none-eabi/14.2.1/thumb/v8-m.main+fp/softfp/crtbegin.o
 .tm_clone_table
                0x200017d0        0x0 C:/Users/User/.pico-sdk/toolchain/14_2_Rel1/bin/../lib/gcc/arm-none-eabi/14.2.1/thumb/v8-m.main+fp/softfp/crtend.o

.igot.plt       0x200017d0        0x0 load address 0x10009954
 .igot.plt      0x200017d0        0x0 C:/Users/User/.pico-sdk/toolchain/14_2_Rel1/bin/../lib/gcc/arm-none-eabi/14.2.1/thumb/v8-m.main+fp/softfp/crtbegin.o

.tdata          0x200017d0        0x0 load address 0x10009954
                0x200017d0                        . = ALIGN (0x4)
 *(.tdata .tdata.* .gnu.linkonce.td.*)
                0x200017d0                        __tdata_end = .
                0x200017d0                        PROVIDE (__data_end__ = .)
                0x10008294                        __etext = LOADADDR (.data)

.tbss           0x200017d0        0x0 load address 0x10009954
                0x200017d0                        . = ALIGN (0x4)
                0x200017d0                        __bss_start__ = .
                0x200017d0                        __tls_base = .
 *(.tbss .tbss.* .gnu.linkonce.tb.*)
 *(.tcommon)
                0x200017d0                        __tls_end = .

.bss            0x200017d0      0xd60 load address 0x10009954
                0x200017d0                        . = ALIGN (0x4)
                0x200017d0                        __tbss_end = .
 *(SORT_BY_ALIGNMENT(SORT_BY_NAME(.bss*)))
 .bss.default_alarm_pool_entries
                0x200017d0      0x180 CMakeFiles/sonosupport.dir/C_/Users/User/.pico-sdk/sdk/2.2.0/src/common/pico_time/time.c.obj
 .bss.last_avail_time.1
                0x20001950        0x8 CMakeFiles/sonosupport.dir/C_/Users/User/.pico-sdk/sdk/2.2.0/src/rp2_common/pico_stdio_usb/stdio_usb.c.obj
 .bss.__sf      0x20001958      0x138 C:/Users/User/.pico-sdk/toolchain/14_2_Rel1/bin/../lib/gcc/arm-none-eabi/14.2.1/thumb/v8-m.main+fp/softfp\libg.a(libc_a-findfp.o)
                0x20001958                __sf
 .bss._app_driver
                0x20001a90        0x4 CMakeFiles/sonosupport.dir/C_/Users/User/.pico-sdk/sdk/2.2.0/lib/tinyusb/src/device/usbd.c.obj
 .bss._cdcd_epbuf
                0x20001a94       0x80 CMakeFiles/sonosupport.dir/C_/Users/User/.pico-sdk/sdk/2.2.0/lib/tinyusb/src/class/cdc/cdc_device.c.obj
 .bss._cdcd_fifo_cfg
                0x20001b14        0x1 CMakeFiles/sonosupport.dir/C_/Users/User/.pico-sdk/sdk/2.2.0/lib/tinyusb/src/class/cdc/cdc_device.c.obj
 *fill*         0x20001b15        0x3 
 .bss._cdcd_itf
                0x20001b18       0xc8 CMakeFiles/sonosupport.dir/C_/Users/User/.pico-sdk/sdk/2.2.0/lib/tinyusb/src/class/cdc/cdc_device.c.obj
 .bss._ctrl_epbuf
                0x20001be0       0x40 CMakeFiles/sonosupport.dir/C_/Users/User/.pico-sdk/sdk/2.2.0/lib/tinyusb/src/device/usbd_control.c.obj
 .bss._ctrl_xfer
                0x20001c20       0x14 CMakeFiles/sonosupport.dir/C_/Users/User/.pico-sdk/sdk/2.2.0/lib/tinyusb/src/device/usbd_control.c.obj
 .bss._sw_spin_locks
                0x20001c34       0x20 CMakeFiles/sonosupport.dir/C_/Users/User/.pico-sdk/sdk/2.2.0/src/rp2_common/hardware_sync_spin_lock/sync_spin_lock.c.obj
                0x20001c34                _sw_spin_locks
 .bss._tusb_rhport_role
                0x20001c54        0x2 CMakeFiles/sonosupport.dir/C_/Users/User/.pico-sdk/sdk/2.2.0/lib/tinyusb/src/tusb.c.obj
                0x20001c54                _tusb_rhport_role
 *fill*         0x20001c56        0x2 
 .bss._ubsd_mutexdef
                0x20001c58        0x8 CMakeFiles/sonosupport.dir/C_/Users/User/.pico-sdk/sdk/2.2.0/lib/tinyusb/src/device/usbd.c.obj
 .bss._usbd_dev
                0x20001c60       0x54 CMakeFiles/sonosupport.dir/C_/Users/User/.pico-sdk/sdk/2.2.0/lib/tinyusb/src/device/usbd.c.obj
 .bss._usbd_mutex
                0x20001cb4        0x4 CMakeFiles/sonosupport.dir/C_/Users/User/.pico-sdk/sdk/2.2.0/lib/tinyusb/src/device/usbd.c.obj
 .bss._usbd_q   0x20001cb8        0x4 CMakeFiles/sonosupport.dir/C_/Users/User/.pico-sdk/sdk/2.2.0/lib/tinyusb/src/device/usbd.c.obj
 .bss._usbd_qdef_buf
                0x20001cbc       0xc0 CMakeFiles/sonosupport.dir/C_/Users/User/.pico-sdk/sdk/2.2.0/lib/tinyusb/src/device/usbd.c.obj
                0x20001cbc                _usbd_qdef_buf
 .bss._vendord_epbuf
                0x20001d7c       0x80 CMakeFiles/sonosupport.dir/C_/Users/User/.pico-sdk/sdk/2.2.0/lib/tinyusb/src/class/vendor/vendor_device.c.obj
 .bss._vendord_itf
                0x20001dfc      0x24c CMakeFiles/sonosupport.dir/C_/Users/User/.pico-sdk/sdk/2.2.0/lib/tinyusb/src/class/vendor/vendor_device.c.obj
 .bss.chars_available_callback
                0x20002048        0x4 CMakeFiles/sonosupport.dir/C_/Users/User/.pico-sdk/sdk/2.2.0/src/rp2_common/pico_stdio_usb/stdio_usb.c.obj
 .bss.chars_available_param
                0x2000204c        0x4 CMakeFiles/sonosupport.dir/C_/Users/User/.pico-sdk/sdk/2.2.0/src/rp2_common/pico_stdio_usb/stdio_usb.c.obj
 .bss.claimed   0x20002050        0x4 CMakeFiles/sonosupport.dir/C_/Users/User/.pico-sdk/sdk/2.2.0/src/rp2_common/hardware_sync/sync.c.obj
 .bss.claimed   0x20002054        0x2 CMakeFiles/sonosupport.dir/C_/Users/User/.pico-sdk/sdk/2.2.0/src/rp2_common/hardware_timer/timer.c.obj
 *fill*         0x20002056        0x2 
 .bss.configured_freq
                0x20002058       0x28 CMakeFiles/sonosupport.dir/C_/Users/User/.pico-sdk/sdk/2.2.0/src/rp2_common/hardware_clocks/clocks.c.obj
 .bss.desc_str.0
                0x20002080       0x28 CMakeFiles/sonosupport.dir/C_/Users/User/.pico-sdk/sdk/2.2.0/src/rp2_common/pico_stdio_usb/stdio_usb_descriptors.c.obj
 .bss.drivers   0x200020a8        0x4 CMakeFiles/sonosupport.dir/C_/Users/User/.pico-sdk/sdk/2.2.0/src/rp2_common/pico_stdio/stdio.c.obj
 .bss.e15_last_sof
                0x200020ac        0x4 CMakeFiles/sonosupport.dir/C_/Users/User/.pico-sdk/sdk/2.2.0/lib/tinyusb/src/portable/raspberrypi/rp2040/rp2040_usb.c.obj
                0x200020ac                e15_last_sof
 .bss.filter    0x200020b0        0x4 CMakeFiles/sonosupport.dir/C_/Users/User/.pico-sdk/sdk/2.2.0/src/rp2_common/pico_stdio/stdio.c.obj
 .bss.hw_endpoints
                0x200020b4      0x400 CMakeFiles/sonosupport.dir/C_/Users/User/.pico-sdk/sdk/2.2.0/lib/tinyusb/src/portable/raspberrypi/rp2040/dcd_rp2040.c.obj
 .bss.lazy_vsnprintf
                0x200024b4        0x4 CMakeFiles/sonosupport.dir/C_/Users/User/.pico-sdk/sdk/2.2.0/src/rp2_common/pico_printf/printf.c.obj
 .bss.load_value
                0x200024b8        0x4 CMakeFiles/sonosupport.dir/C_/Users/User/.pico-sdk/sdk/2.2.0/src/rp2_common/hardware_watchdog/watchdog.c.obj
 .bss.next_buffer_ptr
                0x200024bc        0x4 CMakeFiles/sonosupport.dir/C_/Users/User/.pico-sdk/sdk/2.2.0/lib/tinyusb/src/portable/raspberrypi/rp2040/dcd_rp2040.c.obj
 .bss.object.0  0x200024c0       0x18 C:/Users/User/.pico-sdk/toolchain/14_2_Rel1/bin/../lib/gcc/arm-none-eabi/14.2.1/thumb/v8-m.main+fp/softfp/crtbegin.o
 .bss.one_shot_timer_crit_sec
                0x200024d8        0x8 CMakeFiles/sonosupport.dir/C_/Users/User/.pico-sdk/sdk/2.2.0/src/rp2_common/pico_stdio_usb/stdio_usb.c.obj
 .bss.pools     0x200024e0       0x20 CMakeFiles/sonosupport.dir/C_/Users/User/.pico-sdk/sdk/2.2.0/src/common/pico_time/time.c.obj
 .bss.retrieved_id
                0x20002500        0x8 CMakeFiles/sonosupport.dir/C_/Users/User/.pico-sdk/sdk/2.2.0/src/rp2_common/pico_unique_id/unique_id.c.obj
 .bss.sleep_notifier
                0x20002508        0x4 CMakeFiles/sonosupport.dir/C_/Users/User/.pico-sdk/sdk/2.2.0/src/common/pico_time/time.c.obj
 .bss.stdio_usb_mutex
                0x2000250c        0x8 CMakeFiles/sonosupport.dir/C_/Users/User/.pico-sdk/sdk/2.2.0/src/rp2_common/pico_stdio_usb/stdio_usb.c.obj
 .bss.usbd_serial_str
                0x20002514       0x11 CMakeFiles/sonosupport.dir/C_/Users/User/.pico-sdk/sdk/2.2.0/src/rp2_common/pico_stdio_usb/stdio_usb_descriptors.c.obj
 .bss._app_driver_count
                0x20002525        0x1 CMakeFiles/sonosupport.dir/C_/Users/User/.pico-sdk/sdk/2.2.0/lib/tinyusb/src/device/usbd.c.obj
 .bss._sof_enable
                0x20002526        0x1 CMakeFiles/sonosupport.dir/C_/Users/User/.pico-sdk/sdk/2.2.0/lib/tinyusb/src/portable/raspberrypi/rp2040/dcd_rp2040.c.obj
 .bss._usbd_queued_setup
                0x20002527        0x1 CMakeFiles/sonosupport.dir/C_/Users/User/.pico-sdk/sdk/2.2.0/lib/tinyusb/src/device/usbd.c.obj
 .bss.irq_handler_chain_free_slot_head
                0x20002528        0x1 CMakeFiles/sonosupport.dir/C_/Users/User/.pico-sdk/sdk/2.2.0/src/rp2_common/hardware_irq/irq.c.obj
 .bss.itf_num   0x20002529        0x1 CMakeFiles/sonosupport.dir/C_/Users/User/.pico-sdk/sdk/2.2.0/src/rp2_common/pico_stdio_usb/reset_interface.c.obj
 .bss.last_active
                0x2000252a        0x1 CMakeFiles/sonosupport.dir/control/src/ui.c.obj
 .bss.last_was_cr.0
                0x2000252b        0x1 CMakeFiles/sonosupport.dir/main.c.obj
 .bss.low_priority_irq_num
                0x2000252c        0x1 CMakeFiles/sonosupport.dir/C_/Users/User/.pico-sdk/sdk/2.2.0/src/rp2_common/pico_stdio_usb/stdio_usb.c.obj
 .bss.one_shot_timer_pending
                0x2000252d        0x1 CMakeFiles/sonosupport.dir/C_/Users/User/.pico-sdk/sdk/2.2.0/src/rp2_common/pico_stdio_usb/stdio_usb.c.obj
 .bss.user_irq_claimed
                0x2000252e        0x1 CMakeFiles/sonosupport.dir/C_/Users/User/.pico-sdk/sdk/2.2.0/src/rp2_common/hardware_irq/irq.c.obj
 *(COMMON)
                [!provide]                        PROVIDE (__global_pointer$ = (. + 0x800))
 *(.sbss*)
                0x20002530                        . = ALIGN (0x4)
 *fill*         0x2000252f        0x1 
                0x20002530                        __bss_end__ = .

.heap           0x20002530      0x800 load address 0x10009954
                0x20002530                        __end__ = .
                0x20002530                        end = __end__
 *(.heap*)
 .heap          0x20002530      0x800 CMakeFiles/sonosupport.dir/C_/Users/User/.pico-sdk/sdk/2.2.0/src/rp2_common/pico_crt0/crt0.S.obj
                0x20080000                        __HeapLimit = (ORIGIN (RAM) + LENGTH (RAM))

.scratch_x      0x20080000        0x0 load address 0x10009954
                0x20080000                        __scratch_x_start__ = .
 *(.scratch_x.*)
                0x20080000                        . = ALIGN (0x4)
                0x20080000                        __scratch_x_end__ = .
                0x10009954                        __scratch_x_source__ = LOADADDR (.scratch_x)

.scratch_y      0x20081000        0x0 load address 0x10009954
                0x20081000                        __scratch_y_start__ = .
 *(.scratch_y.*)
                0x20081000                        . = ALIGN (0x4)
                0x20081000                        __scratch_y_end__ = .
                0x10009954                        __scratch_y_source__ = LOADADDR (.scratch_y)

.stack1_dummy
 *(.stack1*)

.stack_dummy    0x20081000      0x800
 *(.stack*)
 .stack         0x20081000      0x800 CMakeFiles/sonosupport.dir/C_/Users/User/.pico-sdk/sdk/2.2.0/src/rp2_common/pico_crt0/crt0.S.obj

.flash_end      0x10009954       0x14
 *(.embedded_end_block*)
 .embedded_end_block
                0x10009954       0x14 CMakeFiles/sonosupport.dir/C_/Users/User/.pico-sdk/sdk/2.2.0/src/rp2_common/pico_crt0/crt0.S.obj
                0x10009968                        PROVIDE (__flash_binary_end = .)
                0x20080000                        __StackLimit = (ORIGIN (RAM) + LENGTH (RAM))